Archive member included to satisfy reference by file (symbol)

c:/program files (x86)/atmel/studio/7.0/toolchain/avr8/avr8-gnu-toolchain/bin/../lib/gcc/avr/5.4.0/../../../../avr/lib/avrxmega6\libm.a(addsf3.o)
                              NHD0420Driver.o (__subsf3)
c:/program files (x86)/atmel/studio/7.0/toolchain/avr8/avr8-gnu-toolchain/bin/../lib/gcc/avr/5.4.0/../../../../avr/lib/avrxmega6\libm.a(addsf3x.o)
                              c:/program files (x86)/atmel/studio/7.0/toolchain/avr8/avr8-gnu-toolchain/bin/../lib/gcc/avr/5.4.0/../../../../avr/lib/avrxmega6\libm.a(addsf3.o) (__addsf3x)
c:/program files (x86)/atmel/studio/7.0/toolchain/avr8/avr8-gnu-toolchain/bin/../lib/gcc/avr/5.4.0/../../../../avr/lib/avrxmega6\libm.a(cmpsf2.o)
                              NHD0420Driver.o (__eqsf2)
c:/program files (x86)/atmel/studio/7.0/toolchain/avr8/avr8-gnu-toolchain/bin/../lib/gcc/avr/5.4.0/../../../../avr/lib/avrxmega6\libm.a(divsf3.o)
                              NHD0420Driver.o (__divsf3)
c:/program files (x86)/atmel/studio/7.0/toolchain/avr8/avr8-gnu-toolchain/bin/../lib/gcc/avr/5.4.0/../../../../avr/lib/avrxmega6\libm.a(divsf3x.o)
                              c:/program files (x86)/atmel/studio/7.0/toolchain/avr8/avr8-gnu-toolchain/bin/../lib/gcc/avr/5.4.0/../../../../avr/lib/avrxmega6\libm.a(divsf3.o) (__divsf3x)
c:/program files (x86)/atmel/studio/7.0/toolchain/avr8/avr8-gnu-toolchain/bin/../lib/gcc/avr/5.4.0/../../../../avr/lib/avrxmega6\libm.a(fixsfsi.o)
                              NHD0420Driver.o (__fixsfsi)
c:/program files (x86)/atmel/studio/7.0/toolchain/avr8/avr8-gnu-toolchain/bin/../lib/gcc/avr/5.4.0/../../../../avr/lib/avrxmega6\libm.a(fixunssfsi.o)
                              c:/program files (x86)/atmel/studio/7.0/toolchain/avr8/avr8-gnu-toolchain/bin/../lib/gcc/avr/5.4.0/../../../../avr/lib/avrxmega6\libm.a(fixsfsi.o) (__fixunssfsi)
c:/program files (x86)/atmel/studio/7.0/toolchain/avr8/avr8-gnu-toolchain/bin/../lib/gcc/avr/5.4.0/../../../../avr/lib/avrxmega6\libm.a(floatsisf.o)
                              NHD0420Driver.o (__floatsisf)
c:/program files (x86)/atmel/studio/7.0/toolchain/avr8/avr8-gnu-toolchain/bin/../lib/gcc/avr/5.4.0/../../../../avr/lib/avrxmega6\libm.a(fp_cmp.o)
                              c:/program files (x86)/atmel/studio/7.0/toolchain/avr8/avr8-gnu-toolchain/bin/../lib/gcc/avr/5.4.0/../../../../avr/lib/avrxmega6\libm.a(cmpsf2.o) (__fp_cmp)
c:/program files (x86)/atmel/studio/7.0/toolchain/avr8/avr8-gnu-toolchain/bin/../lib/gcc/avr/5.4.0/../../../../avr/lib/avrxmega6\libm.a(fp_inf.o)
                              c:/program files (x86)/atmel/studio/7.0/toolchain/avr8/avr8-gnu-toolchain/bin/../lib/gcc/avr/5.4.0/../../../../avr/lib/avrxmega6\libm.a(addsf3x.o) (__fp_inf)
c:/program files (x86)/atmel/studio/7.0/toolchain/avr8/avr8-gnu-toolchain/bin/../lib/gcc/avr/5.4.0/../../../../avr/lib/avrxmega6\libm.a(fp_nan.o)
                              c:/program files (x86)/atmel/studio/7.0/toolchain/avr8/avr8-gnu-toolchain/bin/../lib/gcc/avr/5.4.0/../../../../avr/lib/avrxmega6\libm.a(addsf3x.o) (__fp_nan)
c:/program files (x86)/atmel/studio/7.0/toolchain/avr8/avr8-gnu-toolchain/bin/../lib/gcc/avr/5.4.0/../../../../avr/lib/avrxmega6\libm.a(fp_pscA.o)
                              c:/program files (x86)/atmel/studio/7.0/toolchain/avr8/avr8-gnu-toolchain/bin/../lib/gcc/avr/5.4.0/../../../../avr/lib/avrxmega6\libm.a(addsf3x.o) (__fp_pscA)
c:/program files (x86)/atmel/studio/7.0/toolchain/avr8/avr8-gnu-toolchain/bin/../lib/gcc/avr/5.4.0/../../../../avr/lib/avrxmega6\libm.a(fp_pscB.o)
                              c:/program files (x86)/atmel/studio/7.0/toolchain/avr8/avr8-gnu-toolchain/bin/../lib/gcc/avr/5.4.0/../../../../avr/lib/avrxmega6\libm.a(addsf3x.o) (__fp_pscB)
c:/program files (x86)/atmel/studio/7.0/toolchain/avr8/avr8-gnu-toolchain/bin/../lib/gcc/avr/5.4.0/../../../../avr/lib/avrxmega6\libm.a(fp_round.o)
                              c:/program files (x86)/atmel/studio/7.0/toolchain/avr8/avr8-gnu-toolchain/bin/../lib/gcc/avr/5.4.0/../../../../avr/lib/avrxmega6\libm.a(addsf3.o) (__fp_round)
c:/program files (x86)/atmel/studio/7.0/toolchain/avr8/avr8-gnu-toolchain/bin/../lib/gcc/avr/5.4.0/../../../../avr/lib/avrxmega6\libm.a(fp_split3.o)
                              c:/program files (x86)/atmel/studio/7.0/toolchain/avr8/avr8-gnu-toolchain/bin/../lib/gcc/avr/5.4.0/../../../../avr/lib/avrxmega6\libm.a(addsf3x.o) (__fp_split3)
c:/program files (x86)/atmel/studio/7.0/toolchain/avr8/avr8-gnu-toolchain/bin/../lib/gcc/avr/5.4.0/../../../../avr/lib/avrxmega6\libm.a(fp_zero.o)
                              c:/program files (x86)/atmel/studio/7.0/toolchain/avr8/avr8-gnu-toolchain/bin/../lib/gcc/avr/5.4.0/../../../../avr/lib/avrxmega6\libm.a(addsf3x.o) (__fp_zero)
c:/program files (x86)/atmel/studio/7.0/toolchain/avr8/avr8-gnu-toolchain/bin/../lib/gcc/avr/5.4.0/../../../../avr/lib/avrxmega6\libm.a(gesf2.o)
                              NHD0420Driver.o (__gesf2)
[...]
Memory Configuration

Name             Origin             Length             Attributes
text             0x00000000         0x00100000         xr
data             0x00802000         0x0000ffa0         rw !x
eeprom           0x00810000         0x00010000         rw !x
fuse             0x00820000         0x00000006         rw !x
lock             0x00830000         0x00000400         rw !x
signature        0x00840000         0x00000400         rw !x
user_signatures  0x00850000         0x00000400         rw !x
*default*        0x00000000         0xffffffff

Linker script and memory map

LOAD C:/Program Files (x86)/Atmel/Studio/7.0/Packs/Atmel/XMEGAA_DFP/1.1.68/gcc/dev/atxmega128a3u/avrxmega6/crtatxmega128a3u.o
LOAD dma_config.o
LOAD double_buffer_read_out.o
LOAD driver/clksys_driver.o
LOAD driver/pmic_driver.o
LOAD driver/port_driver.o
LOAD driver/TC_driver.o
LOAD errorHandler.o
LOAD FreeRTOS/croutine.o
LOAD FreeRTOS/event_groups.o
LOAD FreeRTOS/heap_1.o
LOAD FreeRTOS/list.o
LOAD FreeRTOS/port.o
LOAD FreeRTOS/queue.o
LOAD FreeRTOS/stream_buffer.o
LOAD FreeRTOS/tasks.o
LOAD FreeRTOS/timers.o
LOAD init.o
LOAD main.o
LOAD mem_check.o
LOAD NHD0420Driver.o
LOAD phase_detection.o
LOAD read_peaks.o
LOAD utils.o
START GROUP
LOAD c:/program files (x86)/atmel/studio/7.0/toolchain/avr8/avr8-gnu-toolchain/bin/../lib/gcc/avr/5.4.0/../../../../avr/lib/avrxmega6\libm.a
END GROUP
START GROUP
LOAD c:/program files (x86)/atmel/studio/7.0/toolchain/avr8/avr8-gnu-toolchain/bin/../lib/gcc/avr/5.4.0/avrxmega6\libgcc.a
LOAD c:/program files (x86)/atmel/studio/7.0/toolchain/avr8/avr8-gnu-toolchain/bin/../lib/gcc/avr/5.4.0/../../../../avr/lib/avrxmega6\libm.a
LOAD c:/program files (x86)/atmel/studio/7.0/toolchain/avr8/avr8-gnu-toolchain/bin/../lib/gcc/avr/5.4.0/../../../../avr/lib/avrxmega6\libc.a
LOAD C:/Program Files (x86)/Atmel/Studio/7.0/Packs/Atmel/XMEGAA_DFP/1.1.68/gcc/dev/atxmega128a3u/avrxmega6\libatxmega128a3u.a
END GROUP
                0x00100000                __TEXT_REGION_LENGTH__ = DEFINED (__TEXT_REGION_LENGTH__)?__TEXT_REGION_LENGTH__:0x100000
                0x0000ffa0                __DATA_REGION_LENGTH__ = DEFINED (__DATA_REGION_LENGTH__)?__DATA_REGION_LENGTH__:0xffa0
                0x00010000                __EEPROM_REGION_LENGTH__ = DEFINED (__EEPROM_REGION_LENGTH__)?__EEPROM_REGION_LENGTH__:0x10000
                [0x00000006]                __FUSE_REGION_LENGTH__ = DEFINED (__FUSE_REGION_LENGTH__)?__FUSE_REGION_LENGTH__:0x400
                0x00000400                __LOCK_REGION_LENGTH__ = DEFINED (__LOCK_REGION_LENGTH__)?__LOCK_REGION_LENGTH__:0x400
                0x00000400                __SIGNATURE_REGION_LENGTH__ = DEFINED (__SIGNATURE_REGION_LENGTH__)?__SIGNATURE_REGION_LENGTH__:0x400
                0x00000400                __USER_SIGNATURE_REGION_LENGTH__ = DEFINED (__USER_SIGNATURE_REGION_LENGTH__)?__USER_SIGNATURE_REGION_LENGTH__:0x400

.hash
 *(.hash)

.dynsym
 *(.dynsym)

.dynstr
 *(.dynstr)

.gnu.version
 *(.gnu.version)

.gnu.version_d
 *(.gnu.version_d)

.gnu.version_r
 *(.gnu.version_r)

.rel.init
 *(.rel.init)

.rela.init
 *(.rela.init)

.rel.text
 *(.rel.text)
 *(.rel.text.*)
 *(.rel.gnu.linkonce.t*)

.rela.text
 *(.rela.text)
 *(.rela.text.*)
 *(.rela.gnu.linkonce.t*)

.rel.fini
 *(.rel.fini)

.rela.fini
 *(.rela.fini)

.rel.rodata
 *(.rel.rodata)
 *(.rel.rodata.*)
 *(.rel.gnu.linkonce.r*)

.rela.rodata
 *(.rela.rodata)
 *(.rela.rodata.*)
 *(.rela.gnu.linkonce.r*)

.rel.data
 *(.rel.data)
 *(.rel.data.*)
 *(.rel.gnu.linkonce.d*)

.rela.data
 *(.rela.data)
 *(.rela.data.*)
 *(.rela.gnu.linkonce.d*)

.rel.ctors
 *(.rel.ctors)

.rela.ctors
 *(.rela.ctors)

.rel.dtors
 *(.rel.dtors)

.rela.dtors
 *(.rela.dtors)

.rel.got
 *(.rel.got)

.rela.got
 *(.rela.got)

.rel.bss
 *(.rel.bss)

.rela.bss
 *(.rela.bss)

.rel.plt
 *(.rel.plt)

.rela.plt
 *(.rela.plt)

.text           0x00000000     0x6a5a
 *(.vectors)
 .vectors       0x00000000      0x1fc C:/Program Files (x86)/Atmel/Studio/7.0/Packs/Atmel/XMEGAA_DFP/1.1.68/gcc/dev/atxmega128a3u/avrxmega6/crtatxmega128a3u.o
                0x00000000                __vector_default
                0x00000000                __vectors
 *(.vectors)
 *(.progmem.gcc*)
 .progmem.gcc_sw_table.prvProcessReceivedCommands
                0x000001fc       0x14 FreeRTOS/timers.o
                0x00000210                . = ALIGN (0x2)
                0x00000210                __trampolines_start = .
 *(.trampolines)
 .trampolines   0x00000210       0x34 linker stubs
 *(.trampolines*)
                0x00000244                __trampolines_end = .
 *libprintf_flt.a:*(.progmem.data)
 *libc.a:*(.progmem.data)
 *(.progmem*)
                0x00000244                . = ALIGN (0x2)
 *(.jumptables)
 *(.jumptables*)
 *(.lowtext)
 *(.lowtext*)
                0x00000244                __ctors_start = .
 *(.ctors)
                0x00000244                __ctors_end = .
                0x00000244                __dtors_start = .
 *(.dtors)
                0x00000244                __dtors_end = .
 SORT(*)(.ctors)
 SORT(*)(.dtors)
 *(.init0)
 .init0         0x00000244        0x0 C:/Program Files (x86)/Atmel/Studio/7.0/Packs/Atmel/XMEGAA_DFP/1.1.68/gcc/dev/atxmega128a3u/avrxmega6/crtatxmega128a3u.o
                0x00000244                __init
 *(.init0)
 *(.init1)
 *(.init1)
 *(.init2)
 .init2         0x00000244       0x10 C:/Program Files (x86)/Atmel/Studio/7.0/Packs/Atmel/XMEGAA_DFP/1.1.68/gcc/dev/atxmega128a3u/avrxmega6/crtatxmega128a3u.o
 *(.init2)
 *(.init3)
 .init3         0x00000254       0x12 mem_check.o
                0x00000254                init_mem
 *(.init3)
 *(.init4)
 .init4         0x00000266       0x1a c:/program files (x86)/atmel/studio/7.0/toolchain/avr8/avr8-gnu-toolchain/bin/../lib/gcc/avr/5.4.0/avrxmega6\libgcc.a(_copy_data.o)
                0x00000266                __do_copy_data
 .init4         0x00000280       0x10 c:/program files (x86)/atmel/studio/7.0/toolchain/avr8/avr8-gnu-toolchain/bin/../lib/gcc/avr/5.4.0/avrxmega6\libgcc.a(_clear_bss.o)
                0x00000280                __do_clear_bss
 *(.init4)
 *(.init5)
 *(.init5)
 *(.init6)
 *(.init6)
 *(.init7)
 *(.init7)
 *(.init8)
 *(.init8)
 *(.init9)
 .init9         0x00000290        0x8 C:/Program Files (x86)/Atmel/Studio/7.0/Packs/Atmel/XMEGAA_DFP/1.1.68/gcc/dev/atxmega128a3u/avrxmega6/crtatxmega128a3u.o
 *(.init9)
 *(.text)
 .text          0x00000298        0x4 C:/Program Files (x86)/Atmel/Studio/7.0/Packs/Atmel/XMEGAA_DFP/1.1.68/gcc/dev/atxmega128a3u/avrxmega6/crtatxmega128a3u.o
                0x00000298                __vector_38
                0x00000298                __vector_104
                0x00000298                __vector_22
                0x00000298                __vector_63
                0x00000298                __vector_28
                0x00000298                __vector_67
                0x00000298                __vector_1
                0x00000298                __vector_119
                0x00000298                __vector_32
                0x00000298                __vector_75
                0x00000298                __vector_71
                0x00000298                __vector_91
                0x00000298                __vector_34
                0x00000298                __vector_62
                0x00000298                __vector_77
                0x00000298                __vector_102
                0x00000298                __vector_24
                0x00000298                __vector_12
                0x00000298                __vector_55
                0x00000298                __vector_69
                0x00000298                __vector_81
                0x00000298                __vector_90
                0x00000298                __vector_46
                0x00000298                __bad_interrupt
                0x00000298                __vector_122
                0x00000298                __vector_72
                0x00000298                __vector_114
                0x00000298                __vector_110
                0x00000298                __vector_31
                0x00000298                __vector_92
                0x00000298                __vector_35
                0x00000298                __vector_78
                0x00000298                __vector_74
                0x00000298                __vector_117
                0x00000298                __vector_39
                0x00000298                __vector_107
                0x00000298                __vector_3
                0x00000298                __vector_105
                0x00000298                __vector_98
                0x00000298                __vector_23
                0x00000298                __vector_68
                0x00000298                __vector_30
                0x00000298                __vector_73
                0x00000298                __vector_45
                0x00000298                __vector_25
                0x00000298                __vector_93
                0x00000298                __vector_61
                0x00000298                __vector_11
                0x00000298                __vector_54
                0x00000298                __vector_99
                0x00000298                __vector_13
                0x00000298                __vector_17
                0x00000298                __vector_19
                0x00000298                __vector_56
                0x00000298                __vector_125
                0x00000298                __vector_49
                0x00000298                __vector_123
                0x00000298                __vector_41
                0x00000298                __vector_86
                0x00000298                __vector_100
                0x00000298                __vector_101
                0x00000298                __vector_64
                0x00000298                __vector_88
                0x00000298                __vector_109
                0x00000298                __vector_43
                0x00000298                __vector_27
                0x00000298                __vector_5
                0x00000298                __vector_113
                0x00000298                __vector_33
                0x00000298                __vector_76
                0x00000298                __vector_115
                0x00000298                __vector_47
                0x00000298                __vector_52
                0x00000298                __vector_37
                0x00000298                __vector_95
                0x00000298                __vector_103
                0x00000298                __vector_96
                0x00000298                __vector_89
                0x00000298                __vector_4
                0x00000298                __vector_44
                0x00000298                __vector_82
                0x00000298                __vector_106
                0x00000298                __vector_118
                0x00000298                __vector_51
                0x00000298                __vector_9
                0x00000298                __vector_2
                0x00000298                __vector_21
                0x00000298                __vector_15
                0x00000298                __vector_66
                0x00000298                __vector_36
                0x00000298                __vector_79
                0x00000298                __vector_58
                0x00000298                __vector_70
                0x00000298                __vector_83
                0x00000298                __vector_29
                0x00000298                __vector_60
                0x00000298                __vector_121
                0x00000298                __vector_40
                0x00000298                __vector_85
                0x00000298                __vector_94
                0x00000298                __vector_126
                0x00000298                __vector_8
                0x00000298                __vector_26
                0x00000298                __vector_48
                0x00000298                __vector_124
                0x00000298                __vector_116
                0x00000298                __vector_112
                0x00000298                __vector_111
                0x00000298                __vector_80
                0x00000298                __vector_84
                0x00000298                __vector_57
                0x00000298                __vector_53
                0x00000298                __vector_10
                0x00000298                __vector_50
                0x00000298                __vector_16
                0x00000298                __vector_59
                0x00000298                __vector_18
                0x00000298                __vector_97
                0x00000298                __vector_42
                0x00000298                __vector_87
                0x00000298                __vector_65
                0x00000298                __vector_120
                0x0000029c                . = ALIGN (0x2)
 *(.text.*)
 .text.sys_InitADC
                0x0000029c       0x76 dma_config.o
                0x0000029c                sys_InitADC
 .text.vInitDMA
                0x00000312      0x1c4 dma_config.o
                0x00000312                vInitDMA
 .text.__vector_20
                0x000004d6       0x4c dma_config.o
                0x000004d6                __vector_20
 .text.__vector_6
                0x00000522       0x9c dma_config.o
                0x00000522                __vector_6
 .text.__vector_7
                0x000005be       0x88 dma_config.o
                0x000005be                __vector_7
 .text.vTask_DMAHandler
                0x00000646      0x236 double_buffer_read_out.o
                0x00000646                vTask_DMAHandler
 .text.CCPWrite
                0x0000087c       0x58 driver/clksys_driver.o
                0x0000087c                CCPWrite
 .text.CLKSYS_XOSC_Config
                0x000008d4       0x3a driver/clksys_driver.o
                0x000008d4                CLKSYS_XOSC_Config
 .text.CLKSYS_PLL_Config
                0x0000090e       0x30 driver/clksys_driver.o
                0x0000090e                CLKSYS_PLL_Config
 .text.CLKSYS_Disable
                0x0000093e       0x40 driver/clksys_driver.o
                0x0000093e                CLKSYS_Disable
 .text.CLKSYS_Prescalers_Config
                0x0000097e       0x2e driver/clksys_driver.o
                0x0000097e                CLKSYS_Prescalers_Config
 .text.CLKSYS_Main_ClockSource_Select
                0x000009ac       0x44 driver/clksys_driver.o
                0x000009ac                CLKSYS_Main_ClockSource_Select
 .text.TC0_ConfigClockSource
                0x000009f0       0x38 driver/TC_driver.o
                0x000009f0                TC0_ConfigClockSource
 .text.TC0_ConfigWGM
                0x00000a28       0x38 driver/TC_driver.o
                0x00000a28                TC0_ConfigWGM
 .text.TC0_SetOverflowIntLevel
                0x00000a60       0x38 driver/TC_driver.o
                0x00000a60                TC0_SetOverflowIntLevel
 .text.vApplicationStackOverflowHook
                0x00000a98       0x28 errorHandler.o
                0x00000a98                vApplicationStackOverflowHook
 .text.error    0x00000ac0       0x46 errorHandler.o
                0x00000ac0                error
 .text.software_reset
                0x00000b06       0x26 errorHandler.o
                0x00000b06                software_reset
 .text.xEventGroupCreate
                0x00000b2c       0x46 FreeRTOS/event_groups.o
                0x00000b2c                xEventGroupCreate
 .text.xEventGroupWaitBits
                0x00000b72      0x270 FreeRTOS/event_groups.o
                0x00000b72                xEventGroupWaitBits
 .text.xEventGroupClearBits
                0x00000de2       0x96 FreeRTOS/event_groups.o
                0x00000de2                xEventGroupClearBits
 .text.xEventGroupSetBits
                0x00000e78      0x210 FreeRTOS/event_groups.o
                0x00000e78                xEventGroupSetBits
 .text.vEventGroupSetBitsCallback
                0x00001088       0x3c FreeRTOS/event_groups.o
                0x00001088                vEventGroupSetBitsCallback
 .text.prvTestWaitCondition
                0x000010c4       0x8e FreeRTOS/event_groups.o
 .text.xEventGroupSetBitsFromISR
                0x00001152       0x54 FreeRTOS/event_groups.o
                0x00001152                xEventGroupSetBitsFromISR
 .text.pvPortMalloc
                0x000011a6       0x88 FreeRTOS/heap_1.o
                0x000011a6                pvPortMalloc
 .text.vPortFree
                0x0000122e       0x1c FreeRTOS/heap_1.o
                0x0000122e                vPortFree
 .text.vListInitialise
                0x0000124a       0x74 FreeRTOS/list.o
                0x0000124a                vListInitialise
 .text.vListInitialiseItem
                0x000012be       0x26 FreeRTOS/list.o
                0x000012be                vListInitialiseItem
 .text.vListInsertEnd
                0x000012e4       0x96 FreeRTOS/list.o
                0x000012e4                vListInsertEnd
 .text.vListInsert
                0x0000137a      0x102 FreeRTOS/list.o
                0x0000137a                vListInsert
 .text.uxListRemove
                0x0000147c       0xac FreeRTOS/list.o
                0x0000147c                uxListRemove
 .text._portSetInterruptMaskFromIsr
                0x00001528       0x2e FreeRTOS/port.o
                0x00001528                _portSetInterruptMaskFromIsr
 .text.pxPortInitialiseStack
                0x00001556      0x3b2 FreeRTOS/port.o
                0x00001556                pxPortInitialiseStack
 .text.xPortStartScheduler
                0x00001908       0x70 FreeRTOS/port.o
                0x00001908                xPortStartScheduler
 .text.vPortYield
                0x00001978       0xc4 FreeRTOS/port.o
                0x00001978                vPortYield
 .text.portTaskSwitchContext
                0x00001a3c       0x6a FreeRTOS/port.o
                0x00001a3c                portTaskSwitchContext
 .text.portTaskIncrementTick
                0x00001aa6       0x26 FreeRTOS/port.o
 .text.__vector_14
                0x00001acc       0xca FreeRTOS/port.o
                0x00001acc                __vector_14
 .text.prvSetupTimerInterrupt
                0x00001b96       0x82 FreeRTOS/port.o
 .text.xQueueGenericReset
                0x00001c18      0x12c FreeRTOS/queue.o
                0x00001c18                xQueueGenericReset
 .text.xQueueGenericCreate
                0x00001d44       0x8c FreeRTOS/queue.o
                0x00001d44                xQueueGenericCreate
 .text.prvInitialiseNewQueue
                0x00001dd0       0x7e FreeRTOS/queue.o
 .text.xQueueGenericSend
                0x00001e4e      0x184 FreeRTOS/queue.o
                0x00001e4e                xQueueGenericSend
 .text.xQueueGenericSendFromISR
                0x00001fd2       0xc0 FreeRTOS/queue.o
                0x00001fd2                xQueueGenericSendFromISR
 .text.xQueueReceive
                0x00002092      0x180 FreeRTOS/queue.o
                0x00002092                xQueueReceive
 .text.xQueueSemaphoreTake
                0x00002212      0x16e FreeRTOS/queue.o
                0x00002212                xQueueSemaphoreTake
 .text.uxQueueMessagesWaiting
                0x00002380       0x38 FreeRTOS/queue.o
                0x00002380                uxQueueMessagesWaiting
 .text.prvCopyDataToQueue
                0x000023b8      0x16a FreeRTOS/queue.o
 .text.prvCopyDataFromQueue
                0x00002522       0xa0 FreeRTOS/queue.o
 .text.prvUnlockQueue
                0x000025c2       0xca FreeRTOS/queue.o
 .text.prvIsQueueEmpty
                0x0000268c       0x42 FreeRTOS/queue.o
 .text.prvIsQueueFull
                0x000026ce       0x4a FreeRTOS/queue.o
 .text.vQueueWaitForMessageRestricted
                0x00002718       0x9c FreeRTOS/queue.o
                0x00002718                vQueueWaitForMessageRestricted
 .text.xTaskCreate
                0x000027b4       0xee FreeRTOS/tasks.o
                0x000027b4                xTaskCreate
 .text.prvInitialiseNewTask
                0x000028a2      0x1ac FreeRTOS/tasks.o
 .text.prvAddNewTaskToReadyList
                0x00002a4e      0x10c FreeRTOS/tasks.o
 .text.vTaskDelay
                0x00002b5a       0x5c FreeRTOS/tasks.o
                0x00002b5a                vTaskDelay
 .text.vTaskStartScheduler
                0x00002bb6       0x98 FreeRTOS/tasks.o
                0x00002bb6                vTaskStartScheduler
 .text.vTaskSuspendAll
                0x00002c4e       0x1a FreeRTOS/tasks.o
                0x00002c4e                vTaskSuspendAll
 .text.xTaskResumeAll
                0x00002c68      0x12e FreeRTOS/tasks.o
                0x00002c68                xTaskResumeAll
 .text.xTaskGetTickCount
                0x00002d96       0x4e FreeRTOS/tasks.o
                0x00002d96                xTaskGetTickCount
 .text.xTaskIncrementTick
                0x00002de4      0x220 FreeRTOS/tasks.o
                0x00002de4                xTaskIncrementTick
 .text.vTaskSwitchContext
                0x00003004      0x1a0 FreeRTOS/tasks.o
                0x00003004                vTaskSwitchContext
 .text.vTaskPlaceOnEventList
                0x000031a4       0x50 FreeRTOS/tasks.o
                0x000031a4                vTaskPlaceOnEventList
 .text.vTaskPlaceOnUnorderedEventList
                0x000031f4       0x7e FreeRTOS/tasks.o
                0x000031f4                vTaskPlaceOnUnorderedEventList
 .text.vTaskPlaceOnEventListRestricted
                0x00003272       0x68 FreeRTOS/tasks.o
                0x00003272                vTaskPlaceOnEventListRestricted
 .text.xTaskRemoveFromEventList
                0x000032da       0xd0 FreeRTOS/tasks.o
                0x000032da                xTaskRemoveFromEventList
 .text.vTaskRemoveFromUnorderedEventList
                0x000033aa       0xc6 FreeRTOS/tasks.o
                0x000033aa                vTaskRemoveFromUnorderedEventList
 .text.vTaskInternalSetTimeOutState
                0x00003470       0x46 FreeRTOS/tasks.o
                0x00003470                vTaskInternalSetTimeOutState
 .text.xTaskCheckForTimeOut
                0x000034b6      0x150 FreeRTOS/tasks.o
                0x000034b6                xTaskCheckForTimeOut
 .text.vTaskMissedYield
                0x00003606       0x16 FreeRTOS/tasks.o
                0x00003606                vTaskMissedYield
 .text.prvIdleTask
                0x0000361c       0x26 FreeRTOS/tasks.o
 .text.prvInitialiseTaskLists
                0x00003642       0x76 FreeRTOS/tasks.o
 .text.prvCheckTasksWaitingTermination
                0x000036b8       0x10 FreeRTOS/tasks.o
 .text.prvResetNextTaskUnblockTime
                0x000036c8       0x76 FreeRTOS/tasks.o
 .text.xTaskGetSchedulerState
                0x0000373e       0x32 FreeRTOS/tasks.o
                0x0000373e                xTaskGetSchedulerState
 .text.uxTaskResetEventItemValue
                0x00003770       0x8c FreeRTOS/tasks.o
                0x00003770                uxTaskResetEventItemValue
 .text.prvAddCurrentTaskToDelayedList
                0x000037fc      0x142 FreeRTOS/tasks.o
 .text.xTimerCreateTimerTask
                0x0000393e       0x56 FreeRTOS/timers.o
                0x0000393e                xTimerCreateTimerTask
 .text.xTimerGenericCommand
                0x00003994       0xe6 FreeRTOS/timers.o
                0x00003994                xTimerGenericCommand
 .text.prvProcessExpiredTimer
                0x00003a7a       0xf0 FreeRTOS/timers.o
 .text.prvTimerTask
                0x00003b6a       0x40 FreeRTOS/timers.o
 .text.prvProcessTimerOrBlockTask
                0x00003baa       0xf6 FreeRTOS/timers.o
 .text.prvGetNextExpireTime
                0x00003ca0       0x7c FreeRTOS/timers.o
 .text.prvSampleTimeNow
                0x00003d1c       0x8a FreeRTOS/timers.o
 .text.prvInsertTimerInActiveList
                0x00003da6      0x132 FreeRTOS/timers.o
 .text.prvProcessReceivedCommands
                0x00003ed8      0x214 FreeRTOS/timers.o
 .text.prvSwitchTimerLists
                0x000040ec      0x174 FreeRTOS/timers.o
 .text.prvCheckForValidListAndQueue
                0x00004260       0x68 FreeRTOS/timers.o
 .text.xTimerPendFunctionCallFromISR
                0x000042c8       0x76 FreeRTOS/timers.o
                0x000042c8                xTimerPendFunctionCallFromISR
 .text.vInitClock
                0x0000433e       0xbc init.o
                0x0000433e                vInitClock
 .text.vApplicationIdleHook
                0x000043fa       0x10 main.o
                0x000043fa                vApplicationIdleHook
 .text.main     0x0000440a      0x1ba main.o
                0x0000440a                main
 .text.vLedBlink
                0x000045c4       0x32 main.o
                0x000045c4                vLedBlink
 .text.vWrite_Display
                0x000045f6       0x8e main.o
                0x000045f6                vWrite_Display
 .text.__vector_108
                0x00004684       0x94 NHD0420Driver.o
                0x00004684                __vector_108
 .text.delayUS  0x00004718      0x112 NHD0420Driver.o
                0x00004718                delayUS
 .text.setPort  0x0000482a       0x4e NHD0420Driver.o
                0x0000482a                setPort
 .text.setRS    0x00004878       0x32 NHD0420Driver.o
                0x00004878                setRS
 .text.setRW    0x000048aa       0x32 NHD0420Driver.o
                0x000048aa                setRW
 .text.setE     0x000048dc       0x32 NHD0420Driver.o
                0x000048dc                setE
 .text.Nybble   0x0000490e       0x28 NHD0420Driver.o
                0x0000490e                Nybble
 .text.command  0x00004936       0x3c NHD0420Driver.o
                0x00004936                command
 .text.write    0x00004972       0x3c NHD0420Driver.o
                0x00004972                write
 .text.vInitDisplay
                0x000049ae       0xbe NHD0420Driver.o
                0x000049ae                vInitDisplay
 .text._displaySetPos
                0x00004a6c       0x78 NHD0420Driver.o
                0x00004a6c                _displaySetPos
 .text._displayWriteChar
                0x00004ae4       0x28 NHD0420Driver.o
                0x00004ae4                _displayWriteChar
 .text._displayWriteString
                0x00004b0c       0x62 NHD0420Driver.o
                0x00004b0c                _displayWriteString
 .text._displayWriteStringAtPos
                0x00004b6e       0x3c NHD0420Driver.o
                0x00004b6e                _displayWriteStringAtPos
 .text.vDisplayUpdateTask
                0x00004baa      0x29a NHD0420Driver.o
                0x00004baa                vDisplayUpdateTask
 .text.vDisplayClear
                0x00004e44       0x24 NHD0420Driver.o
                0x00004e44                vDisplayClear
 .text.vDisplayWriteStringAtPos
                0x00004e68       0x34 NHD0420Driver.o
                0x00004e68                vDisplayWriteStringAtPos
 .text.display_vprintf
                0x00004e9c      0x4c4 NHD0420Driver.o
 .text.normalize
                0x00005360       0xda NHD0420Driver.o
 .text.ftoa_fixed
                0x0000543a      0x29e NHD0420Driver.o
 .text.ftoa_sci
                0x000056d8      0x242 NHD0420Driver.o
 .text.vPhase_Detection
                0x0000591a      0x51c phase_detection.o
                0x0000591a                vPhase_Detection
 .text.vRead_Peaks
                0x00005e36      0x5ce read_peaks.o
                0x00005e36                vRead_Peaks
 .text.getResetReason
                0x00006404       0xa6 utils.o
                0x00006404                getResetReason
 .text.avr-libc.fplib
                0x000064aa        0xe c:/program files (x86)/atmel/studio/7.0/toolchain/avr8/avr8-gnu-toolchain/bin/../lib/gcc/avr/5.4.0/../../../../avr/lib/avrxmega6\libm.a(addsf3.o)
                0x000064aa                __subsf3
                0x000064ac                __addsf3
 .text.avr-libc.fplib
                0x000064b8       0xcc c:/program files (x86)/atmel/studio/7.0/toolchain/avr8/avr8-gnu-toolchain/bin/../lib/gcc/avr/5.4.0/../../../../avr/lib/avrxmega6\libm.a(addsf3x.o)
                0x000064da                __addsf3x
 .text.avr-libc.fplib
                0x00006584        0xa c:/program files (x86)/atmel/studio/7.0/toolchain/avr8/avr8-gnu-toolchain/bin/../lib/gcc/avr/5.4.0/../../../../avr/lib/avrxmega6\libm.a(cmpsf2.o)
                0x00006584                __nesf2
                0x00006584                __eqsf2
                0x00006584                __cmpsf2
                0x00006584                __ltsf2
                0x00006584                __lesf2
 .text.avr-libc.fplib
                0x0000658e        0x8 c:/program files (x86)/atmel/studio/7.0/toolchain/avr8/avr8-gnu-toolchain/bin/../lib/gcc/avr/5.4.0/../../../../avr/lib/avrxmega6\libm.a(divsf3.o)
                0x0000658e                __divsf3
 .text.avr-libc.fplib
                0x00006596       0xdc c:/program files (x86)/atmel/studio/7.0/toolchain/avr8/avr8-gnu-toolchain/bin/../lib/gcc/avr/5.4.0/../../../../avr/lib/avrxmega6\libm.a(divsf3x.o)
                0x000065b6                __divsf3x
                0x000065bc                __divsf3_pse
 .text.avr-libc.fplib
                0x00006672        0xe c:/program files (x86)/atmel/studio/7.0/toolchain/avr8/avr8-gnu-toolchain/bin/../lib/gcc/avr/5.4.0/../../../../avr/lib/avrxmega6\libm.a(fixsfsi.o)
                0x00006672                __fixsfsi
 .text.avr-libc.fplib
                0x00006680       0x5e c:/program files (x86)/atmel/studio/7.0/toolchain/avr8/avr8-gnu-toolchain/bin/../lib/gcc/avr/5.4.0/../../../../avr/lib/avrxmega6\libm.a(fixunssfsi.o)
                0x00006680                __fixunssfsi
 .text.avr-libc.fplib
                0x000066de       0x7a c:/program files (x86)/atmel/studio/7.0/toolchain/avr8/avr8-gnu-toolchain/bin/../lib/gcc/avr/5.4.0/../../../../avr/lib/avrxmega6\libm.a(floatsisf.o)
                0x000066de                __floatunsisf
                0x000066e2                __floatsisf
 .text.avr-libc.fplib
                0x00006758       0x48 c:/program files (x86)/atmel/studio/7.0/toolchain/avr8/avr8-gnu-toolchain/bin/../lib/gcc/avr/5.4.0/../../../../avr/lib/avrxmega6\libm.a(fp_cmp.o)
                0x00006758                __fp_cmp
 .text.avr-libc.fplib
                0x000067a0        0xc c:/program files (x86)/atmel/studio/7.0/toolchain/avr8/avr8-gnu-toolchain/bin/../lib/gcc/avr/5.4.0/../../../../avr/lib/avrxmega6\libm.a(fp_inf.o)
                0x000067a0                __fp_inf
 .text.avr-libc.fplib
                0x000067ac        0x6 c:/program files (x86)/atmel/studio/7.0/toolchain/avr8/avr8-gnu-toolchain/bin/../lib/gcc/avr/5.4.0/../../../../avr/lib/avrxmega6\libm.a(fp_nan.o)
                0x000067ac                __fp_nan
 .text.avr-libc.fplib
                0x000067b2        0xe c:/program files (x86)/atmel/studio/7.0/toolchain/avr8/avr8-gnu-toolchain/bin/../lib/gcc/avr/5.4.0/../../../../avr/lib/avrxmega6\libm.a(fp_pscA.o)
                0x000067b2                __fp_pscA
 .text.avr-libc.fplib
                0x000067c0        0xe c:/program files (x86)/atmel/studio/7.0/toolchain/avr8/avr8-gnu-toolchain/bin/../lib/gcc/avr/5.4.0/../../../../avr/lib/avrxmega6\libm.a(fp_pscB.o)
                0x000067c0                __fp_pscB
 .text.avr-libc.fplib
                0x000067ce       0x22 c:/program files (x86)/atmel/studio/7.0/toolchain/avr8/avr8-gnu-toolchain/bin/../lib/gcc/avr/5.4.0/../../../../avr/lib/avrxmega6\libm.a(fp_round.o)
                0x000067ce                __fp_round
 .text.avr-libc.fplib
                0x000067f0       0x44 c:/program files (x86)/atmel/studio/7.0/toolchain/avr8/avr8-gnu-toolchain/bin/../lib/gcc/avr/5.4.0/../../../../avr/lib/avrxmega6\libm.a(fp_split3.o)
                0x000067f0                __fp_split3
                0x00006800                __fp_splitA
 .text.avr-libc.fplib
                0x00006834        0xe c:/program files (x86)/atmel/studio/7.0/toolchain/avr8/avr8-gnu-toolchain/bin/../lib/gcc/avr/5.4.0/../../../../avr/lib/avrxmega6\libm.a(fp_zero.o)
                0x00006834                __fp_zero
                0x00006836                __fp_szero
 .text.avr-libc.fplib
                0x00006842        0xa c:/program files (x86)/atmel/studio/7.0/toolchain/avr8/avr8-gnu-toolchain/bin/../lib/gcc/avr/5.4.0/../../../../avr/lib/avrxmega6\libm.a(gesf2.o)
                0x00006842                __gesf2
                0x00006842                __gtsf2
 .text.avr-libc.fplib
                0x0000684c        0x8 c:/program files (x86)/atmel/studio/7.0/toolchain/avr8/avr8-gnu-toolchain/bin/../lib/gcc/avr/5.4.0/../../../../avr/lib/avrxmega6\libm.a(mulsf3.o)
                0x0000684c                __mulsf3
 .text.avr-libc.fplib
                0x00006854       0xd2 c:/program files (x86)/atmel/studio/7.0/toolchain/avr8/avr8-gnu-toolchain/bin/../lib/gcc/avr/5.4.0/../../../../avr/lib/avrxmega6\libm.a(mulsf3x.o)
                0x00006872                __mulsf3x
                0x00006878                __mulsf3_pse
 .text.libgcc.div
                0x00006926       0x28 c:/program files (x86)/atmel/studio/7.0/toolchain/avr8/avr8-gnu-toolchain/bin/../lib/gcc/avr/5.4.0/avrxmega6\libgcc.a(_divmodhi4.o)
                0x00006926                _div
                0x00006926                __divmodhi4
 .text.libgcc   0x0000694e       0x10 c:/program files (x86)/atmel/studio/7.0/toolchain/avr8/avr8-gnu-toolchain/bin/../lib/gcc/avr/5.4.0/avrxmega6\libgcc.a(_tablejump2.o)
                0x0000694e                __tablejump2__
 .text.libgcc.mul
                0x0000695e       0x1e c:/program files (x86)/atmel/studio/7.0/toolchain/avr8/avr8-gnu-toolchain/bin/../lib/gcc/avr/5.4.0/avrxmega6\libgcc.a(_umulhisi3.o)
                0x0000695e                __umulhisi3
 .text.libgcc.div
                0x0000697c       0x28 c:/program files (x86)/atmel/studio/7.0/toolchain/avr8/avr8-gnu-toolchain/bin/../lib/gcc/avr/5.4.0/avrxmega6\libgcc.a(_udivmodhi4.o)
                0x0000697c                __udivmodhi4
 .text.avr-libc
                0x000069a4       0x12 c:/program files (x86)/atmel/studio/7.0/toolchain/avr8/avr8-gnu-toolchain/bin/../lib/gcc/avr/5.4.0/../../../../avr/lib/avrxmega6\libc.a(memcpy.o)
                0x000069a4                memcpy
 .text.avr-libc
                0x000069b6        0xe c:/program files (x86)/atmel/studio/7.0/toolchain/avr8/avr8-gnu-toolchain/bin/../lib/gcc/avr/5.4.0/../../../../avr/lib/avrxmega6\libc.a(memset.o)
                0x000069b6                memset
 .text.avr-libc
                0x000069c4       0x12 c:/program files (x86)/atmel/studio/7.0/toolchain/avr8/avr8-gnu-toolchain/bin/../lib/gcc/avr/5.4.0/../../../../avr/lib/avrxmega6\libc.a(strlen.o)
                0x000069c4                strlen
 .text.avr-libc
                0x000069d6       0x16 c:/program files (x86)/atmel/studio/7.0/toolchain/avr8/avr8-gnu-toolchain/bin/../lib/gcc/avr/5.4.0/../../../../avr/lib/avrxmega6\libc.a(itoa.o)
                0x000069d6                __itoa
                0x000069d6                itoa
 .text.avr-libc
                0x000069ec       0x16 c:/program files (x86)/atmel/studio/7.0/toolchain/avr8/avr8-gnu-toolchain/bin/../lib/gcc/avr/5.4.0/../../../../avr/lib/avrxmega6\libc.a(itoa_ncheck.o)
                0x000069ec                __itoa_ncheck
 .text.avr-libc
                0x00006a02       0x34 c:/program files (x86)/atmel/studio/7.0/toolchain/avr8/avr8-gnu-toolchain/bin/../lib/gcc/avr/5.4.0/../../../../avr/lib/avrxmega6\libc.a(utoa_ncheck.o)
                0x00006a02                __utoa_ncheck
                0x00006a04                __utoa_common
 .text.avr-libc
                0x00006a36       0x20 c:/program files (x86)/atmel/studio/7.0/toolchain/avr8/avr8-gnu-toolchain/bin/../lib/gcc/avr/5.4.0/../../../../avr/lib/avrxmega6\libc.a(strrev.o)
                0x00006a36                strrev
                0x00006a56                . = ALIGN (0x2)
 *(.fini9)
 .fini9         0x00006a56        0x0 c:/program files (x86)/atmel/studio/7.0/toolchain/avr8/avr8-gnu-toolchain/bin/../lib/gcc/avr/5.4.0/avrxmega6\libgcc.a(_exit.o)
                0x00006a56                _exit
                0x00006a56                exit
 *(.fini9)
 *(.fini8)
 *(.fini8)
 *(.fini7)
 *(.fini7)
 *(.fini6)
 *(.fini6)
 *(.fini5)
 *(.fini5)
 *(.fini4)
 *(.fini4)
 *(.fini3)
 *(.fini3)
 *(.fini2)
 *(.fini2)
 *(.fini1)
 *(.fini1)
 *(.fini0)
 .fini0         0x00006a56        0x4 c:/program files (x86)/atmel/studio/7.0/toolchain/avr8/avr8-gnu-toolchain/bin/../lib/gcc/avr/5.4.0/avrxmega6\libgcc.a(_exit.o)
 *(.fini0)
                0x00006a5a                _etext = .

.data           0x00802000       0x94 load address 0x00006a5a
                0x00802000                PROVIDE (__data_start, .)
 *(.data)
 *(.data*)
 .data.buffer_length
                0x00802000        0x1 dma_config.o
                0x00802000                buffer_length
 *(.gnu.linkonce.d*)
 *(.rodata)
 .rodata        0x00802001        0x5 FreeRTOS/tasks.o
 .rodata        0x00802006        0x8 FreeRTOS/timers.o
 .rodata        0x0080200e       0x76 main.o
 .rodata        0x00802084        0xb NHD0420Driver.o
 *(.rodata*)
 .rodata.width.5062
                0x0080208f        0x2 NHD0420Driver.o
 .rodata.width.5079
                0x00802091        0x2 NHD0420Driver.o
 *(.gnu.linkonce.r*)
                0x00802094                . = ALIGN (0x2)
 *fill*         0x00802093        0x1 
                0x00802094                _edata = .
                0x00802094                PROVIDE (__data_end, .)

.bss            0x00802094     0x11c5
                0x00802094                PROVIDE (__bss_start, .)
 *(.bss)
 *(.bss*)
 .bss.count_buffer_a
                0x00802094        0x1 double_buffer_read_out.o
                0x00802094                count_buffer_a
 .bss.count_buffer_b
                0x00802095        0x1 double_buffer_read_out.o
                0x00802095                count_buffer_b
 .bss.xHeap     0x00802096      0xbb8 FreeRTOS/heap_1.o
 .bss.xNextFreeByte
                0x00802c4e        0x2 FreeRTOS/heap_1.o
 .bss.pxCurrentTCB
                0x00802c50        0x2 FreeRTOS/tasks.o
                0x00802c50                pxCurrentTCB
 .bss.pxReadyTasksLists
                0x00802c52       0x2c FreeRTOS/tasks.o
 .bss.xDelayedTaskList1
                0x00802c7e        0xb FreeRTOS/tasks.o
 .bss.xDelayedTaskList2
                0x00802c89        0xb FreeRTOS/tasks.o
 .bss.pxDelayedTaskList
                0x00802c94        0x2 FreeRTOS/tasks.o
 .bss.pxOverflowDelayedTaskList
                0x00802c96        0x2 FreeRTOS/tasks.o
 .bss.xPendingReadyList
                0x00802c98        0xb FreeRTOS/tasks.o
 .bss.xSuspendedTaskList
                0x00802ca3        0xb FreeRTOS/tasks.o
 .bss.uxCurrentNumberOfTasks
                0x00802cae        0x1 FreeRTOS/tasks.o
 .bss.xTickCount
                0x00802caf        0x4 FreeRTOS/tasks.o
 .bss.uxTopReadyPriority
                0x00802cb3        0x1 FreeRTOS/tasks.o
 .bss.xSchedulerRunning
                0x00802cb4        0x1 FreeRTOS/tasks.o
 .bss.uxPendedTicks
                0x00802cb5        0x1 FreeRTOS/tasks.o
 .bss.xYieldPending
                0x00802cb6        0x1 FreeRTOS/tasks.o
 .bss.xNumOfOverflows
                0x00802cb7        0x1 FreeRTOS/tasks.o
 .bss.uxTaskNumber
                0x00802cb8        0x1 FreeRTOS/tasks.o
 .bss.xNextTaskUnblockTime
                0x00802cb9        0x4 FreeRTOS/tasks.o
 .bss.xIdleTaskHandle
                0x00802cbd        0x2 FreeRTOS/tasks.o
 .bss.uxSchedulerSuspended
                0x00802cbf        0x1 FreeRTOS/tasks.o
 .bss.xActiveTimerList1
                0x00802cc0        0xb FreeRTOS/timers.o
 .bss.xActiveTimerList2
                0x00802ccb        0xb FreeRTOS/timers.o
 .bss.pxCurrentTimerList
                0x00802cd6        0x2 FreeRTOS/timers.o
 .bss.pxOverflowTimerList
                0x00802cd8        0x2 FreeRTOS/timers.o
 .bss.xTimerQueue
                0x00802cda        0x2 FreeRTOS/timers.o
 .bss.xTimerTaskHandle
                0x00802cdc        0x2 FreeRTOS/timers.o
 .bss.xLastTime.4745
                0x00802cde        0x4 FreeRTOS/timers.o
 .bss.buffer.4995
                0x00802ce2       0x14 NHD0420Driver.o
 .bss.str.4996  0x00802cf6       0x14 NHD0420Driver.o
 .bss.ucGlobalProtocolBuffer_A
                0x00802d0a       0x20 phase_detection.o
                0x00802d0a                ucGlobalProtocolBuffer_A
 .bss.ucGlobalProtocolBuffer_B
                0x00802d2a       0x20 phase_detection.o
                0x00802d2a                ucGlobalProtocolBuffer_B
 *(COMMON)
 COMMON         0x00802d4a      0x3fa dma_config.o
                0x00802d4a                xDMAProcessEventGroup
                0x00802d4c                buffer_b_array
                0x00802e46                xSignalProcessEventGroup
                0x00802e48                xtest_array_length
                0x00802e4a                buffer_a_array
                0x00802f44                xtest_array
                0x008030c4                buffer_b
                0x00803104                buffer_a
 COMMON         0x00803144        0x1 FreeRTOS/port.o
                0x00803144                intTaskSwitchPending
 COMMON         0x00803145      0x10c main.o
                0x00803145                position_array_L
                0x008031c5                ledTask
                0x008031c7                my_phase_detection
                0x008031c9                my_read_Peaks
                0x008031cb                xPhaseDetectionEventGroup
                0x008031cd                position_array_H
                0x0080324d                my_Display
                0x0080324f                TaskDMAHandler
 COMMON         0x00803251        0x4 NHD0420Driver.o
                0x00803251                displayLineQueue
                0x00803253                egDisplayTiming
 COMMON         0x00803255        0x4 phase_detection.o
                0x00803255                xGlobalProtocolBuffer_A_Key
                0x00803257                xGlobalProtocolBuffer_B_Key
                0x00803259                PROVIDE (__bss_end, .)
                0x00006a5a                __data_load_start = LOADADDR (.data)
                0x00006aee                __data_load_end = (__data_load_start + SIZEOF (.data))

.noinit         0x00803259        0x0
                [!provide]                PROVIDE (__noinit_start, .)
 *(.noinit*)
                [!provide]                PROVIDE (__noinit_end, .)
                0x00803259                _end = .
                0x00803259                PROVIDE (__heap_start, .)

.eeprom         0x00810000        0x0
 *(.eeprom*)
                0x00810000                __eeprom_end = .

.fuse
 *(.fuse)
 *(.lfuse)
 *(.hfuse)
 *(.efuse)

.lock
 *(.lock*)

.signature
 *(.signature*)

.user_signatures
 *(.user_signatures*)

.stab
 *(.stab)

.stabstr
 *(.stabstr)

.stab.excl
 *(.stab.excl)

.stab.exclstr
 *(.stab.exclstr)

.stab.index
 *(.stab.index)

.stab.indexstr
 *(.stab.indexstr)

.comment        0x00000000       0x30
 *(.comment)
 .comment       0x00000000       0x30 dma_config.o
                                 0x31 (size before relaxing)
 .comment       0x00000030       0x31 double_buffer_read_out.o
 .comment       0x00000030       0x31 driver/clksys_driver.o
 .comment       0x00000030       0x31 driver/TC_driver.o
 .comment       0x00000030       0x31 errorHandler.o
 .comment       0x00000030       0x31 FreeRTOS/event_groups.o
 .comment       0x00000030       0x31 FreeRTOS/heap_1.o
 .comment       0x00000030       0x31 FreeRTOS/list.o
 .comment       0x00000030       0x31 FreeRTOS/port.o
 .comment       0x00000030       0x31 FreeRTOS/queue.o
 .comment       0x00000030       0x31 FreeRTOS/tasks.o
 .comment       0x00000030       0x31 FreeRTOS/timers.o
 .comment       0x00000030       0x31 init.o
 .comment       0x00000030       0x31 main.o
 .comment       0x00000030       0x31 mem_check.o
 .comment       0x00000030       0x31 NHD0420Driver.o
 .comment       0x00000030       0x31 phase_detection.o
 .comment       0x00000030       0x31 read_peaks.o
 .comment       0x00000030       0x31 utils.o

.note.gnu.avr.deviceinfo
                0x00000000       0x40
 .note.gnu.avr.deviceinfo
                0x00000000       0x40 C:/Program Files (x86)/Atmel/Studio/7.0/Packs/Atmel/XMEGAA_DFP/1.1.68/gcc/dev/atxmega128a3u/avrxmega6/crtatxmega128a3u.o

.note.gnu.build-id
 *(.note.gnu.build-id)

.debug
 *(.debug)

.line
 *(.line)

.debug_srcinfo
 *(.debug_srcinfo)

.debug_sfnames
 *(.debug_sfnames)

.debug_aranges  0x00000000      0x870
 *(.debug_aranges)
 .debug_aranges
                0x00000000       0x40 dma_config.o
 .debug_aranges
                0x00000040       0x20 double_buffer_read_out.o
 .debug_aranges
                0x00000060       0x68 driver/clksys_driver.o
 .debug_aranges
                0x000000c8       0xc8 driver/TC_driver.o
 .debug_aranges
                0x00000190       0x40 errorHandler.o
 .debug_aranges
                0x000001d0       0x88 FreeRTOS/event_groups.o
 .debug_aranges
                0x00000258       0x38 FreeRTOS/heap_1.o
 .debug_aranges
                0x00000290       0x40 FreeRTOS/list.o
 .debug_aranges
                0x000002d0       0x60 FreeRTOS/port.o
 .debug_aranges
                0x00000330      0x108 FreeRTOS/queue.o
 .debug_aranges
                0x00000438      0x1b0 FreeRTOS/tasks.o
 .debug_aranges
                0x000005e8       0xd8 FreeRTOS/timers.o
 .debug_aranges
                0x000006c0       0x20 init.o
 .debug_aranges
                0x000006e0       0x38 main.o
 .debug_aranges
                0x00000718       0x28 mem_check.o
 .debug_aranges
                0x00000740       0xd0 NHD0420Driver.o
 .debug_aranges
                0x00000810       0x20 phase_detection.o
 .debug_aranges
                0x00000830       0x20 read_peaks.o
 .debug_aranges
                0x00000850       0x20 utils.o

.debug_pubnames
 *(.debug_pubnames)

.debug_info     0x00000000     0xd587
 *(.debug_info .gnu.linkonce.wi.*)
 .debug_info    0x00000000     0x3409 C:/Program Files (x86)/Atmel/Studio/7.0/Packs/Atmel/XMEGAA_DFP/1.1.68/gcc/dev/atxmega128a3u/avrxmega6/crtatxmega128a3u.o
 .debug_info    0x00003409     0x18df dma_config.o
 .debug_info    0x00004ce8      0x3d8 double_buffer_read_out.o
 .debug_info    0x000050c0      0x5f4 driver/clksys_driver.o
 .debug_info    0x000056b4     0x12d3 driver/TC_driver.o
 .debug_info    0x00006987      0x1c7 errorHandler.o
 .debug_info    0x00006b4e      0x8ae FreeRTOS/event_groups.o
 .debug_info    0x000073fc      0x16c FreeRTOS/heap_1.o
 .debug_info    0x00007568      0x2b5 FreeRTOS/list.o
 .debug_info    0x0000781d      0x9ef FreeRTOS/port.o
 .debug_info    0x0000820c      0xfc1 FreeRTOS/queue.o
 .debug_info    0x000091cd     0x1770 FreeRTOS/tasks.o
 .debug_info    0x0000a93d      0xbb3 FreeRTOS/timers.o
 .debug_info    0x0000b4f0      0x243 init.o
 .debug_info    0x0000b733      0x4aa main.o
 .debug_info    0x0000bbdd       0xd2 mem_check.o
 .debug_info    0x0000bcaf     0x1070 NHD0420Driver.o
 .debug_info    0x0000cd1f      0x403 phase_detection.o
 .debug_info    0x0000d122      0x34c read_peaks.o
 .debug_info    0x0000d46e      0x119 utils.o

.debug_abbrev   0x00000000     0x4a42
 *(.debug_abbrev)
 .debug_abbrev  0x00000000     0x3148 C:/Program Files (x86)/Atmel/Studio/7.0/Packs/Atmel/XMEGAA_DFP/1.1.68/gcc/dev/atxmega128a3u/avrxmega6/crtatxmega128a3u.o
 .debug_abbrev  0x00003148      0x1b8 dma_config.o
 .debug_abbrev  0x00003300       0xf8 double_buffer_read_out.o
 .debug_abbrev  0x000033f8      0x159 driver/clksys_driver.o
 .debug_abbrev  0x00003551      0x15a driver/TC_driver.o
 .debug_abbrev  0x000036ab      0x117 errorHandler.o
 .debug_abbrev  0x000037c2      0x185 FreeRTOS/event_groups.o
 .debug_abbrev  0x00003947      0x10a FreeRTOS/heap_1.o
 .debug_abbrev  0x00003a51       0xc7 FreeRTOS/list.o
 .debug_abbrev  0x00003b18      0x1f7 FreeRTOS/port.o
 .debug_abbrev  0x00003d0f      0x20a FreeRTOS/queue.o
 .debug_abbrev  0x00003f19      0x26d FreeRTOS/tasks.o
 .debug_abbrev  0x00004186      0x1ce FreeRTOS/timers.o
 .debug_abbrev  0x00004354       0x9d init.o
 .debug_abbrev  0x000043f1      0x12a main.o
 .debug_abbrev  0x0000451b       0x98 mem_check.o
 .debug_abbrev  0x000045b3      0x265 NHD0420Driver.o
 .debug_abbrev  0x00004818       0xbe phase_detection.o
 .debug_abbrev  0x000048d6       0xbe read_peaks.o
 .debug_abbrev  0x00004994       0xae utils.o

.debug_line     0x00000000     0x6249
 *(.debug_line .debug_line.* .debug_line_end)
 .debug_line    0x00000000      0x39d C:/Program Files (x86)/Atmel/Studio/7.0/Packs/Atmel/XMEGAA_DFP/1.1.68/gcc/dev/atxmega128a3u/avrxmega6/crtatxmega128a3u.o
 .debug_line    0x0000039d      0x332 dma_config.o
 .debug_line    0x000006cf      0x261 double_buffer_read_out.o
 .debug_line    0x00000930      0x2c4 driver/clksys_driver.o
 .debug_line    0x00000bf4      0x398 driver/TC_driver.o
 .debug_line    0x00000f8c      0x1d5 errorHandler.o
 .debug_line    0x00001161      0x5a0 FreeRTOS/event_groups.o
 .debug_line    0x00001701      0x148 FreeRTOS/heap_1.o
 .debug_line    0x00001849      0x200 FreeRTOS/list.o
 .debug_line    0x00001a49      0x4c5 FreeRTOS/port.o
 .debug_line    0x00001f0e      0xe21 FreeRTOS/queue.o
 .debug_line    0x00002d2f     0x1566 FreeRTOS/tasks.o
 .debug_line    0x00004295      0x6dc FreeRTOS/timers.o
 .debug_line    0x00004971      0x162 init.o
 .debug_line    0x00004ad3      0x2a4 main.o
 .debug_line    0x00004d77       0x8a mem_check.o
 .debug_line    0x00004e01      0xb3e NHD0420Driver.o
 .debug_line    0x0000593f      0x3f6 phase_detection.o
 .debug_line    0x00005d35      0x3a6 read_peaks.o
 .debug_line    0x000060db      0x16e utils.o

.debug_frame    0x00000000     0x2064
 *(.debug_frame)
 .debug_frame   0x00000000      0x158 dma_config.o
 .debug_frame   0x00000158       0x50 double_buffer_read_out.o
 .debug_frame   0x000001a8      0x15c driver/clksys_driver.o
 .debug_frame   0x00000304      0x2d4 driver/TC_driver.o
 .debug_frame   0x000005d8       0xb4 errorHandler.o
 .debug_frame   0x0000068c      0x234 FreeRTOS/event_groups.o
 .debug_frame   0x000008c0       0x94 FreeRTOS/heap_1.o
 .debug_frame   0x00000954       0xb4 FreeRTOS/list.o
 .debug_frame   0x00000a08      0x124 FreeRTOS/port.o
 .debug_frame   0x00000b2c      0x3f4 FreeRTOS/queue.o
 .debug_frame   0x00000f20      0x788 FreeRTOS/tasks.o
 .debug_frame   0x000016a8      0x438 FreeRTOS/timers.o
 .debug_frame   0x00001ae0       0x34 init.o
 .debug_frame   0x00001b14       0xa4 main.o
 .debug_frame   0x00001bb8       0x44 mem_check.o
 .debug_frame   0x00001bfc      0x394 NHD0420Driver.o
 .debug_frame   0x00001f90       0x50 phase_detection.o
 .debug_frame   0x00001fe0       0x50 read_peaks.o
 .debug_frame   0x00002030       0x34 utils.o

.debug_str      0x00000000     0x7759
 *(.debug_str)
 .debug_str     0x00000000     0x223b C:/Program Files (x86)/Atmel/Studio/7.0/Packs/Atmel/XMEGAA_DFP/1.1.68/gcc/dev/atxmega128a3u/avrxmega6/crtatxmega128a3u.o
 .debug_str     0x0000223b     0x2631 dma_config.o
                               0x26cc (size before relaxing)
 .debug_str     0x0000486c       0x97 double_buffer_read_out.o
                                0x3b6 (size before relaxing)
 .debug_str     0x00004903      0x61e driver/clksys_driver.o
                                0x7cd (size before relaxing)
 .debug_str     0x00004f21      0x6f0 driver/TC_driver.o
                                0xcca (size before relaxing)
 .debug_str     0x00005611       0xaa errorHandler.o
                                0x256 (size before relaxing)
 .debug_str     0x000056bb      0x3da FreeRTOS/event_groups.o
                                0x66d (size before relaxing)
 .debug_str     0x00005a95       0xa1 FreeRTOS/heap_1.o
                                0x20c (size before relaxing)
 .debug_str     0x00005b36       0xa0 FreeRTOS/list.o
                                0x2c1 (size before relaxing)
 .debug_str     0x00005bd6      0x149 FreeRTOS/port.o
                                0x810 (size before relaxing)
 .debug_str     0x00005d1f      0x471 FreeRTOS/queue.o
                                0x802 (size before relaxing)
 .debug_str     0x00006190      0xa94 FreeRTOS/tasks.o
                                0xf10 (size before relaxing)
 .debug_str     0x00006c24      0x500 FreeRTOS/timers.o
                                0x7ce (size before relaxing)
 .debug_str     0x00007124       0x17 init.o
                                0x4a6 (size before relaxing)
 .debug_str     0x0000713b      0x131 main.o
                                0x480 (size before relaxing)
 .debug_str     0x0000726c       0x49 mem_check.o
                                0x1b6 (size before relaxing)
 .debug_str     0x000072b5      0x218 NHD0420Driver.o
                                0x9a6 (size before relaxing)
 .debug_str     0x000074cd      0x151 phase_detection.o
                                0x40d (size before relaxing)
 .debug_str     0x0000761e      0x113 read_peaks.o
                                0x3e3 (size before relaxing)
 .debug_str     0x00007731       0x28 utils.o
                                0x240 (size before relaxing)

.debug_loc      0x00000000     0x445f
 *(.debug_loc)
 .debug_loc     0x00000000      0x2ee dma_config.o
 .debug_loc     0x000002ee       0x88 double_buffer_read_out.o
 .debug_loc     0x00000376      0x2c3 driver/clksys_driver.o
 .debug_loc     0x00000639      0x630 driver/TC_driver.o
 .debug_loc     0x00000c69      0x14e errorHandler.o
 .debug_loc     0x00000db7      0x4c4 FreeRTOS/event_groups.o
 .debug_loc     0x0000127b      0x106 FreeRTOS/heap_1.o
 .debug_loc     0x00001381      0x167 FreeRTOS/list.o
 .debug_loc     0x000014e8      0x1ea FreeRTOS/port.o
 .debug_loc     0x000016d2      0x89f FreeRTOS/queue.o
 .debug_loc     0x00001f71     0x10ac FreeRTOS/tasks.o
 .debug_loc     0x0000301d      0x964 FreeRTOS/timers.o
 .debug_loc     0x00003981       0x3b init.o
 .debug_loc     0x000039bc      0x13a main.o
 .debug_loc     0x00003af6       0x48 mem_check.o
 .debug_loc     0x00003b3e      0x7c7 NHD0420Driver.o
 .debug_loc     0x00004305       0x89 phase_detection.o
 .debug_loc     0x0000438e       0x89 read_peaks.o
 .debug_loc     0x00004417       0x48 utils.o

.debug_macinfo
 *(.debug_macinfo)

.debug_weaknames
 *(.debug_weaknames)

.debug_funcnames
 *(.debug_funcnames)

.debug_typenames
 *(.debug_typenames)

.debug_varnames
 *(.debug_varnames)

.debug_pubtypes
 *(.debug_pubtypes)

.debug_ranges   0x00000000      0x758
 *(.debug_ranges)
 .debug_ranges  0x00000000       0x30 dma_config.o
 .debug_ranges  0x00000030       0x10 double_buffer_read_out.o
 .debug_ranges  0x00000040       0x58 driver/clksys_driver.o
 .debug_ranges  0x00000098       0xb8 driver/TC_driver.o
 .debug_ranges  0x00000150       0x30 errorHandler.o
 .debug_ranges  0x00000180       0x78 FreeRTOS/event_groups.o
 .debug_ranges  0x000001f8       0x28 FreeRTOS/heap_1.o
 .debug_ranges  0x00000220       0x30 FreeRTOS/list.o
 .debug_ranges  0x00000250       0x50 FreeRTOS/port.o
 .debug_ranges  0x000002a0       0xf8 FreeRTOS/queue.o
 .debug_ranges  0x00000398      0x1a0 FreeRTOS/tasks.o
 .debug_ranges  0x00000538       0xc8 FreeRTOS/timers.o
 .debug_ranges  0x00000600       0x10 init.o
 .debug_ranges  0x00000610       0x28 main.o
 .debug_ranges  0x00000638       0x18 mem_check.o
 .debug_ranges  0x00000650       0xd8 NHD0420Driver.o
 .debug_ranges  0x00000728       0x10 phase_detection.o
 .debug_ranges  0x00000738       0x10 read_peaks.o
 .debug_ranges  0x00000748       0x10 utils.o

.debug_macro
 *(.debug_macro)
OUTPUT(QAMDecFS2019.elf elf32-avr)
LOAD linker stubs
