Archive member included to satisfy reference by file (symbol)

c:/program files (x86)/atmel/studio/7.0/toolchain/avr8/avr8-gnu-toolchain/bin/../lib/gcc/avr/5.4.0/../../../../avr/lib/avrxmega6\libm.a(addsf3.o)
                              NHD0420Driver.o (__subsf3)
c:/program files (x86)/atmel/studio/7.0/toolchain/avr8/avr8-gnu-toolchain/bin/../lib/gcc/avr/5.4.0/../../../../avr/lib/avrxmega6\libm.a(addsf3x.o)
                              c:/program files (x86)/atmel/studio/7.0/toolchain/avr8/avr8-gnu-toolchain/bin/../lib/gcc/avr/5.4.0/../../../../avr/lib/avrxmega6\libm.a(addsf3.o) (__addsf3x)
c:/program files (x86)/atmel/studio/7.0/toolchain/avr8/avr8-gnu-toolchain/bin/../lib/gcc/avr/5.4.0/../../../../avr/lib/avrxmega6\libm.a(cmpsf2.o)
                              NHD0420Driver.o (__eqsf2)
c:/program files (x86)/atmel/studio/7.0/toolchain/avr8/avr8-gnu-toolchain/bin/../lib/gcc/avr/5.4.0/../../../../avr/lib/avrxmega6\libm.a(divsf3.o)
                              NHD0420Driver.o (__divsf3)
c:/program files (x86)/atmel/studio/7.0/toolchain/avr8/avr8-gnu-toolchain/bin/../lib/gcc/avr/5.4.0/../../../../avr/lib/avrxmega6\libm.a(divsf3x.o)
                              c:/program files (x86)/atmel/studio/7.0/toolchain/avr8/avr8-gnu-toolchain/bin/../lib/gcc/avr/5.4.0/../../../../avr/lib/avrxmega6\libm.a(divsf3.o) (__divsf3x)
c:/program files (x86)/atmel/studio/7.0/toolchain/avr8/avr8-gnu-toolchain/bin/../lib/gcc/avr/5.4.0/../../../../avr/lib/avrxmega6\libm.a(fixsfsi.o)
                              NHD0420Driver.o (__fixsfsi)
c:/program files (x86)/atmel/studio/7.0/toolchain/avr8/avr8-gnu-toolchain/bin/../lib/gcc/avr/5.4.0/../../../../avr/lib/avrxmega6\libm.a(fixunssfsi.o)
                              c:/program files (x86)/atmel/studio/7.0/toolchain/avr8/avr8-gnu-toolchain/bin/../lib/gcc/avr/5.4.0/../../../../avr/lib/avrxmega6\libm.a(fixsfsi.o) (__fixunssfsi)
c:/program files (x86)/atmel/studio/7.0/toolchain/avr8/avr8-gnu-toolchain/bin/../lib/gcc/avr/5.4.0/../../../../avr/lib/avrxmega6\libm.a(floatsisf.o)
                              NHD0420Driver.o (__floatsisf)
c:/program files (x86)/atmel/studio/7.0/toolchain/avr8/avr8-gnu-toolchain/bin/../lib/gcc/avr/5.4.0/../../../../avr/lib/avrxmega6\libm.a(fp_cmp.o)
                              c:/program files (x86)/atmel/studio/7.0/toolchain/avr8/avr8-gnu-toolchain/bin/../lib/gcc/avr/5.4.0/../../../../avr/lib/avrxmega6\libm.a(cmpsf2.o) (__fp_cmp)
c:/program files (x86)/atmel/studio/7.0/toolchain/avr8/avr8-gnu-toolchain/bin/../lib/gcc/avr/5.4.0/../../../../avr/lib/avrxmega6\libm.a(fp_inf.o)
                              c:/program files (x86)/atmel/studio/7.0/toolchain/avr8/avr8-gnu-toolchain/bin/../lib/gcc/avr/5.4.0/../../../../avr/lib/avrxmega6\libm.a(addsf3x.o) (__fp_inf)
c:/program files (x86)/atmel/studio/7.0/toolchain/avr8/avr8-gnu-toolchain/bin/../lib/gcc/avr/5.4.0/../../../../avr/lib/avrxmega6\libm.a(fp_nan.o)
                              c:/program files (x86)/atmel/studio/7.0/toolchain/avr8/avr8-gnu-toolchain/bin/../lib/gcc/avr/5.4.0/../../../../avr/lib/avrxmega6\libm.a(addsf3x.o) (__fp_nan)
c:/program files (x86)/atmel/studio/7.0/toolchain/avr8/avr8-gnu-toolchain/bin/../lib/gcc/avr/5.4.0/../../../../avr/lib/avrxmega6\libm.a(fp_pscA.o)
                              c:/program files (x86)/atmel/studio/7.0/toolchain/avr8/avr8-gnu-toolchain/bin/../lib/gcc/avr/5.4.0/../../../../avr/lib/avrxmega6\libm.a(addsf3x.o) (__fp_pscA)
c:/program files (x86)/atmel/studio/7.0/toolchain/avr8/avr8-gnu-toolchain/bin/../lib/gcc/avr/5.4.0/../../../../avr/lib/avrxmega6\libm.a(fp_pscB.o)
                              c:/program files (x86)/atmel/studio/7.0/toolchain/avr8/avr8-gnu-toolchain/bin/../lib/gcc/avr/5.4.0/../../../../avr/lib/avrxmega6\libm.a(addsf3x.o) (__fp_pscB)
c:/program files (x86)/atmel/studio/7.0/toolchain/avr8/avr8-gnu-toolchain/bin/../lib/gcc/avr/5.4.0/../../../../avr/lib/avrxmega6\libm.a(fp_round.o)
                              c:/program files (x86)/atmel/studio/7.0/toolchain/avr8/avr8-gnu-toolchain/bin/../lib/gcc/avr/5.4.0/../../../../avr/lib/avrxmega6\libm.a(addsf3.o) (__fp_round)
c:/program files (x86)/atmel/studio/7.0/toolchain/avr8/avr8-gnu-toolchain/bin/../lib/gcc/avr/5.4.0/../../../../avr/lib/avrxmega6\libm.a(fp_split3.o)
                              c:/program files (x86)/atmel/studio/7.0/toolchain/avr8/avr8-gnu-toolchain/bin/../lib/gcc/avr/5.4.0/../../../../avr/lib/avrxmega6\libm.a(addsf3x.o) (__fp_split3)
c:/program files (x86)/atmel/studio/7.0/toolchain/avr8/avr8-gnu-toolchain/bin/../lib/gcc/avr/5.4.0/../../../../avr/lib/avrxmega6\libm.a(fp_zero.o)
                              c:/program files (x86)/atmel/studio/7.0/toolchain/avr8/avr8-gnu-toolchain/bin/../lib/gcc/avr/5.4.0/../../../../avr/lib/avrxmega6\libm.a(addsf3x.o) (__fp_zero)
c:/program files (x86)/atmel/studio/7.0/toolchain/avr8/avr8-gnu-toolchain/bin/../lib/gcc/avr/5.4.0/../../../../avr/lib/avrxmega6\libm.a(gesf2.o)
                              NHD0420Driver.o (__gesf2)
c:/program files (x86)/atmel/studio/7.0/toolchain/avr8/avr8-gnu-toolchain/bin/../lib/gcc/avr/5.4.0/../../../../avr/lib/avrxmega6\libm.a(mulsf3.o)
                              NHD0420Driver.o (__mulsf3)
c:/program files (x86)/atmel/studio/7.0/toolchain/avr8/avr8-gnu-toolchain/bin/../lib/gcc/avr/5.4.0/../../../../avr/lib/avrxmega6\libm.a(mulsf3x.o)
                              c:/program files (x86)/atmel/studio/7.0/toolchain/avr8/avr8-gnu-toolchain/bin/../lib/gcc/avr/5.4.0/../../../../avr/lib/avrxmega6\libm.a(mulsf3.o) (__mulsf3x)
c:/program files (x86)/atmel/studio/7.0/toolchain/avr8/avr8-gnu-toolchain/bin/../lib/gcc/avr/5.4.0/avrxmega6\libgcc.a(_exit.o)
                              C:/Program Files (x86)/Atmel/Studio/7.0/Packs/Atmel/XMEGAA_DFP/1.1.68/gcc/dev/atxmega128a3u/avrxmega6/crtatxmega128a3u.o (exit)
c:/program files (x86)/atmel/studio/7.0/toolchain/avr8/avr8-gnu-toolchain/bin/../lib/gcc/avr/5.4.0/avrxmega6\libgcc.a(_tablejump2.o)
                              FreeRTOS/timers.o (__tablejump2__)
c:/program files (x86)/atmel/studio/7.0/toolchain/avr8/avr8-gnu-toolchain/bin/../lib/gcc/avr/5.4.0/avrxmega6\libgcc.a(_copy_data.o)
                              FreeRTOS/tasks.o (__do_copy_data)
c:/program files (x86)/atmel/studio/7.0/toolchain/avr8/avr8-gnu-toolchain/bin/../lib/gcc/avr/5.4.0/avrxmega6\libgcc.a(_clear_bss.o)
                              FreeRTOS/croutine.o (__do_clear_bss)
c:/program files (x86)/atmel/studio/7.0/toolchain/avr8/avr8-gnu-toolchain/bin/../lib/gcc/avr/5.4.0/../../../../avr/lib/avrxmega6\libc.a(memcpy.o)
                              FreeRTOS/queue.o (memcpy)
c:/program files (x86)/atmel/studio/7.0/toolchain/avr8/avr8-gnu-toolchain/bin/../lib/gcc/avr/5.4.0/../../../../avr/lib/avrxmega6\libc.a(memset.o)
                              FreeRTOS/tasks.o (memset)
c:/program files (x86)/atmel/studio/7.0/toolchain/avr8/avr8-gnu-toolchain/bin/../lib/gcc/avr/5.4.0/../../../../avr/lib/avrxmega6\libc.a(itoa_ncheck.o)
                              NHD0420Driver.o (__itoa_ncheck)
c:/program files (x86)/atmel/studio/7.0/toolchain/avr8/avr8-gnu-toolchain/bin/../lib/gcc/avr/5.4.0/../../../../avr/lib/avrxmega6\libc.a(utoa_ncheck.o)
                              c:/program files (x86)/atmel/studio/7.0/toolchain/avr8/avr8-gnu-toolchain/bin/../lib/gcc/avr/5.4.0/../../../../avr/lib/avrxmega6\libc.a(itoa_ncheck.o) (__utoa_common)
c:/program files (x86)/atmel/studio/7.0/toolchain/avr8/avr8-gnu-toolchain/bin/../lib/gcc/avr/5.4.0/../../../../avr/lib/avrxmega6\libc.a(strrev.o)
                              c:/program files (x86)/atmel/studio/7.0/toolchain/avr8/avr8-gnu-toolchain/bin/../lib/gcc/avr/5.4.0/../../../../avr/lib/avrxmega6\libc.a(utoa_ncheck.o) (strrev)

Allocating common symbols
Common symbol       size              file

displayLineQueue    0x2               NHD0420Driver.o
ledTask             0x2               main.o
egDisplayTiming     0x2               NHD0420Driver.o
intTaskSwitchPending
                    0x1               FreeRTOS/port.o

Discarded input sections

 .data          0x00000000        0x0 C:/Program Files (x86)/Atmel/Studio/7.0/Packs/Atmel/XMEGAA_DFP/1.1.68/gcc/dev/atxmega128a3u/avrxmega6/crtatxmega128a3u.o
 .bss           0x00000000        0x0 C:/Program Files (x86)/Atmel/Studio/7.0/Packs/Atmel/XMEGAA_DFP/1.1.68/gcc/dev/atxmega128a3u/avrxmega6/crtatxmega128a3u.o
 .text          0x00000000        0x0 driver/clksys_driver.o
 .data          0x00000000        0x0 driver/clksys_driver.o
 .bss           0x00000000        0x0 driver/clksys_driver.o
 .text.CLKSYS_RTC_ClockSource_Enable
                0x00000000       0x10 driver/clksys_driver.o
 .text.CLKSYS_AutoCalibration_Enable
                0x00000000       0x38 driver/clksys_driver.o
 .text.CLKSYS_XOSC_FailureDetection_Enable
                0x00000000        0xc driver/clksys_driver.o
 .text.CLKSYS_Configuration_Lock
                0x00000000        0xc driver/clksys_driver.o
 .text          0x00000000        0x0 driver/pmic_driver.o
 .data          0x00000000        0x0 driver/pmic_driver.o
 .bss           0x00000000        0x0 driver/pmic_driver.o
 .text.PMIC_SetVectorLocationToBoot
                0x00000000       0x10 driver/pmic_driver.o
 .text.PMIC_SetVectorLocationToApplication
                0x00000000       0x10 driver/pmic_driver.o
 .debug_info    0x00000000      0x1f8 driver/pmic_driver.o
 .debug_abbrev  0x00000000       0xc6 driver/pmic_driver.o
 .debug_aranges
                0x00000000       0x28 driver/pmic_driver.o
 .debug_ranges  0x00000000       0x18 driver/pmic_driver.o
 .debug_line    0x00000000      0x13e driver/pmic_driver.o
 .debug_str     0x00000000      0x2e6 driver/pmic_driver.o
 .comment       0x00000000       0x31 driver/pmic_driver.o
 .debug_frame   0x00000000       0x34 driver/pmic_driver.o
 .text          0x00000000        0x0 driver/port_driver.o
 .data          0x00000000        0x0 driver/port_driver.o
 .bss           0x00000000        0x0 driver/port_driver.o
 .text.PORT_ConfigureInterrupt0
                0x00000000        0xe driver/port_driver.o
 .text.PORT_ConfigureInterrupt1
                0x00000000        0xe driver/port_driver.o
 .text.PORT_ConfigurePins
                0x00000000       0x32 driver/port_driver.o
 .text.PORT_MapVirtualPort0
                0x00000000        0xe driver/port_driver.o
 .text.PORT_MapVirtualPort1
                0x00000000        0xe driver/port_driver.o
 .text.PORT_MapVirtualPort2
                0x00000000        0xe driver/port_driver.o
 .text.PORT_MapVirtualPort3
                0x00000000        0xe driver/port_driver.o
 .debug_info    0x00000000      0x7f7 driver/port_driver.o
 .debug_abbrev  0x00000000      0x134 driver/port_driver.o
 .debug_loc     0x00000000      0x1ef driver/port_driver.o
 .debug_aranges
                0x00000000       0x50 driver/port_driver.o
 .debug_ranges  0x00000000       0x40 driver/port_driver.o
 .debug_line    0x00000000      0x1fd driver/port_driver.o
 .debug_str     0x00000000      0xf81 driver/port_driver.o
 .comment       0x00000000       0x31 driver/port_driver.o
 .debug_frame   0x00000000       0x90 driver/port_driver.o
 .text          0x00000000        0x0 driver/TC_driver.o
 .data          0x00000000        0x0 driver/TC_driver.o
 .bss           0x00000000        0x0 driver/TC_driver.o
 .text.TC1_ConfigClockSource
                0x00000000        0xc driver/TC_driver.o
 .text.TC1_ConfigWGM
                0x00000000        0xc driver/TC_driver.o
 .text.TC0_ConfigInputCapture
                0x00000000        0xe driver/TC_driver.o
 .text.TC1_ConfigInputCapture
                0x00000000        0xe driver/TC_driver.o
 .text.TC0_EnableCCChannels
                0x00000000        0xc driver/TC_driver.o
 .text.TC1_EnableCCChannels
                0x00000000        0xc driver/TC_driver.o
 .text.TC0_DisableCCChannels
                0x00000000        0xe driver/TC_driver.o
 .text.TC1_DisableCCChannels
                0x00000000        0xe driver/TC_driver.o
 .text.TC1_SetOverflowIntLevel
                0x00000000        0xc driver/TC_driver.o
 .text.TC0_SetErrorIntLevel
                0x00000000        0xc driver/TC_driver.o
 .text.TC1_SetErrorIntLevel
                0x00000000        0xc driver/TC_driver.o
 .text.TC0_SetCCAIntLevel
                0x00000000        0xc driver/TC_driver.o
 .text.TC1_SetCCAIntLevel
                0x00000000        0xc driver/TC_driver.o
 .text.TC0_SetCCBIntLevel
                0x00000000        0xc driver/TC_driver.o
 .text.TC1_SetCCBIntLevel
                0x00000000        0xc driver/TC_driver.o
 .text.TC0_SetCCCIntLevel
                0x00000000        0xc driver/TC_driver.o
 .text.TC0_SetCCDIntLevel
                0x00000000        0xc driver/TC_driver.o
 .text.TC0_Reset
                0x00000000        0xe driver/TC_driver.o
 .text.TC1_Reset
                0x00000000        0xe driver/TC_driver.o
 .text          0x00000000        0x0 errorHandler.o
 .data          0x00000000        0x0 errorHandler.o
 .bss           0x00000000        0x0 errorHandler.o
 .text.errorNonFatal
                0x00000000        0x2 errorHandler.o
 .text.error    0x00000000        0x6 errorHandler.o
 .text.vApplicationMallocFailedHook
                0x00000000        0x6 errorHandler.o
 .text          0x00000000        0x0 FreeRTOS/croutine.o
 .data          0x00000000        0x0 FreeRTOS/croutine.o
 .bss           0x00000000        0x0 FreeRTOS/croutine.o
 .text.xCoRoutineCreate
                0x00000000       0xf0 FreeRTOS/croutine.o
 .text.vCoRoutineAddToDelayedList
                0x00000000       0xa8 FreeRTOS/croutine.o
 .text.vCoRoutineSchedule
                0x00000000      0x2ea FreeRTOS/croutine.o
 .text.xCoRoutineRemoveFromEventList
                0x00000000       0x4a FreeRTOS/croutine.o
 .bss.xPassedTicks
                0x00000000        0x4 FreeRTOS/croutine.o
 .bss.xLastTickCount
                0x00000000        0x4 FreeRTOS/croutine.o
 .bss.xCoRoutineTickCount
                0x00000000        0x4 FreeRTOS/croutine.o
 .bss.uxTopCoRoutineReadyPriority
                0x00000000        0x1 FreeRTOS/croutine.o
 .bss.pxCurrentCoRoutine
                0x00000000        0x2 FreeRTOS/croutine.o
 .bss.xPendingReadyCoRoutineList
                0x00000000        0xb FreeRTOS/croutine.o
 .bss.pxOverflowDelayedCoRoutineList
                0x00000000        0x2 FreeRTOS/croutine.o
 .bss.pxDelayedCoRoutineList
                0x00000000        0x2 FreeRTOS/croutine.o
 .bss.xDelayedCoRoutineList2
                0x00000000        0xb FreeRTOS/croutine.o
 .bss.xDelayedCoRoutineList1
                0x00000000        0xb FreeRTOS/croutine.o
 .bss.pxReadyCoRoutineLists
                0x00000000       0x16 FreeRTOS/croutine.o
 .debug_info    0x00000000      0x8af FreeRTOS/croutine.o
 .debug_abbrev  0x00000000      0x25d FreeRTOS/croutine.o
 .debug_loc     0x00000000      0x438 FreeRTOS/croutine.o
 .debug_aranges
                0x00000000       0x38 FreeRTOS/croutine.o
 .debug_ranges  0x00000000       0x28 FreeRTOS/croutine.o
 .debug_line    0x00000000      0x3ab FreeRTOS/croutine.o
 .debug_str     0x00000000      0x656 FreeRTOS/croutine.o
 .comment       0x00000000       0x31 FreeRTOS/croutine.o
 .debug_frame   0x00000000       0xdc FreeRTOS/croutine.o
 .text          0x00000000        0x0 FreeRTOS/event_groups.o
 .data          0x00000000        0x0 FreeRTOS/event_groups.o
 .bss           0x00000000        0x0 FreeRTOS/event_groups.o
 .text.vEventGroupClearBitsCallback
                0x00000000        0x6 FreeRTOS/event_groups.o
 .text.xEventGroupClearBitsFromISR
                0x00000000       0x1c FreeRTOS/event_groups.o
 .text.xEventGroupGetBitsFromISR
                0x00000000       0x1e FreeRTOS/event_groups.o
 .text.xEventGroupSync
                0x00000000      0x16e FreeRTOS/event_groups.o
 .text.vEventGroupDelete
                0x00000000       0x36 FreeRTOS/event_groups.o
 .text.uxEventGroupGetNumber
                0x00000000        0xe FreeRTOS/event_groups.o
 .text.vEventGroupSetNumber
                0x00000000        0x6 FreeRTOS/event_groups.o
 .text          0x00000000        0x0 FreeRTOS/heap_1.o
 .data          0x00000000        0x0 FreeRTOS/heap_1.o
 .bss           0x00000000        0x0 FreeRTOS/heap_1.o
 .text.vPortInitialiseBlocks
                0x00000000        0xa FreeRTOS/heap_1.o
 .text.xPortGetFreeHeapSize
                0x00000000       0x12 FreeRTOS/heap_1.o
 .text          0x00000000        0x0 FreeRTOS/list.o
 .data          0x00000000        0x0 FreeRTOS/list.o
 .bss           0x00000000        0x0 FreeRTOS/list.o
 .text          0x00000000        0x0 FreeRTOS/port.o
 .data          0x00000000        0x0 FreeRTOS/port.o
 .bss           0x00000000        0x0 FreeRTOS/port.o
 .text.vPortEndScheduler
                0x00000000        0x2 FreeRTOS/port.o
 .text          0x00000000        0x0 FreeRTOS/queue.o
 .data          0x00000000        0x0 FreeRTOS/queue.o
 .bss           0x00000000        0x0 FreeRTOS/queue.o
 .text.xQueueGiveFromISR
                0x00000000       0x6c FreeRTOS/queue.o
 .text.xQueueSemaphoreTake
                0x00000000      0x134 FreeRTOS/queue.o
 .text.xQueuePeek
                0x00000000      0x14c FreeRTOS/queue.o
 .text.xQueueReceiveFromISR
                0x00000000       0x86 FreeRTOS/queue.o
 .text.xQueuePeekFromISR
                0x00000000       0x48 FreeRTOS/queue.o
 .text.uxQueueSpacesAvailable
                0x00000000       0x1e FreeRTOS/queue.o
 .text.uxQueueMessagesWaitingFromISR
                0x00000000        0x6 FreeRTOS/queue.o
 .text.vQueueDelete
                0x00000000        0x6 FreeRTOS/queue.o
 .text.uxQueueGetQueueNumber
                0x00000000        0x6 FreeRTOS/queue.o
 .text.vQueueSetQueueNumber
                0x00000000        0x6 FreeRTOS/queue.o
 .text.ucQueueGetQueueType
                0x00000000        0x6 FreeRTOS/queue.o
 .text.xQueueIsQueueEmptyFromISR
                0x00000000        0xc FreeRTOS/queue.o
 .text.xQueueIsQueueFullFromISR
                0x00000000        0xe FreeRTOS/queue.o
 .text.xQueueCRSend
                0x00000000       0xbe FreeRTOS/queue.o
 .text.xQueueCRReceive
                0x00000000       0xd0 FreeRTOS/queue.o
 .text.xQueueCRSendFromISR
                0x00000000       0x48 FreeRTOS/queue.o
 .text.xQueueCRReceiveFromISR
                0x00000000       0x82 FreeRTOS/queue.o
 .text          0x00000000        0x0 FreeRTOS/stream_buffer.o
 .data          0x00000000        0x0 FreeRTOS/stream_buffer.o
 .bss           0x00000000        0x0 FreeRTOS/stream_buffer.o
 .text.prvBytesInBuffer
                0x00000000       0x26 FreeRTOS/stream_buffer.o
 .text.prvWriteBytesToBuffer
                0x00000000       0x92 FreeRTOS/stream_buffer.o
 .text.prvWriteMessageToBuffer
                0x00000000       0x84 FreeRTOS/stream_buffer.o
 .text.prvReadBytesFromBuffer
                0x00000000       0x9e FreeRTOS/stream_buffer.o
 .text.prvReadMessageFromBuffer
                0x00000000       0x92 FreeRTOS/stream_buffer.o
 .text.xStreamBufferGenericCreate
                0x00000000       0x5c FreeRTOS/stream_buffer.o
 .text.vStreamBufferDelete
                0x00000000       0x1a FreeRTOS/stream_buffer.o
 .text.xStreamBufferReset
                0x00000000       0x8a FreeRTOS/stream_buffer.o
 .text.xStreamBufferSetTriggerLevel
                0x00000000       0x22 FreeRTOS/stream_buffer.o
 .text.xStreamBufferSpacesAvailable
                0x00000000       0x24 FreeRTOS/stream_buffer.o
 .text.xStreamBufferBytesAvailable
                0x00000000        0x6 FreeRTOS/stream_buffer.o
 .text.xStreamBufferSend
                0x00000000      0x166 FreeRTOS/stream_buffer.o
 .text.xStreamBufferSendFromISR
                0x00000000       0x96 FreeRTOS/stream_buffer.o
 .text.xStreamBufferReceive
                0x00000000      0x114 FreeRTOS/stream_buffer.o
 .text.xStreamBufferReceiveFromISR
                0x00000000       0x92 FreeRTOS/stream_buffer.o
 .text.xStreamBufferIsEmpty
                0x00000000       0x16 FreeRTOS/stream_buffer.o
 .text.xStreamBufferIsFull
                0x00000000       0x2c FreeRTOS/stream_buffer.o
 .text.xStreamBufferSendCompletedFromISR
                0x00000000       0x52 FreeRTOS/stream_buffer.o
 .text.xStreamBufferReceiveCompletedFromISR
                0x00000000       0x52 FreeRTOS/stream_buffer.o
 .text.uxStreamBufferGetStreamBufferNumber
                0x00000000        0x6 FreeRTOS/stream_buffer.o
 .text.vStreamBufferSetStreamBufferNumber
                0x00000000        0x6 FreeRTOS/stream_buffer.o
 .text.ucStreamBufferGetStreamBufferType
                0x00000000        0x8 FreeRTOS/stream_buffer.o
 .debug_info    0x00000000     0x13f3 FreeRTOS/stream_buffer.o
 .debug_abbrev  0x00000000      0x279 FreeRTOS/stream_buffer.o
 .debug_loc     0x00000000     0x1b4c FreeRTOS/stream_buffer.o
 .debug_aranges
                0x00000000       0xc8 FreeRTOS/stream_buffer.o
 .debug_ranges  0x00000000       0xb8 FreeRTOS/stream_buffer.o
 .debug_line    0x00000000      0x7cc FreeRTOS/stream_buffer.o
 .debug_str     0x00000000      0x8db FreeRTOS/stream_buffer.o
 .comment       0x00000000       0x31 FreeRTOS/stream_buffer.o
 .debug_frame   0x00000000      0x3ec FreeRTOS/stream_buffer.o
 .text          0x00000000        0x0 FreeRTOS/tasks.o
 .data          0x00000000        0x0 FreeRTOS/tasks.o
 .bss           0x00000000        0x0 FreeRTOS/tasks.o
 .text.eTaskGetState
                0x00000000       0x6a FreeRTOS/tasks.o
 .text.vTaskPrioritySet
                0x00000000      0x106 FreeRTOS/tasks.o
 .text.vTaskResume
                0x00000000       0x9a FreeRTOS/tasks.o
 .text.xTaskResumeFromISR
                0x00000000       0xaa FreeRTOS/tasks.o
 .text.vTaskEndScheduler
                0x00000000       0x14 FreeRTOS/tasks.o
 .text.xTaskGetTickCountFromISR
                0x00000000       0x1c FreeRTOS/tasks.o
 .text.uxTaskGetNumberOfTasks
                0x00000000        0x6 FreeRTOS/tasks.o
 .text.pcTaskGetName
                0x00000000       0x10 FreeRTOS/tasks.o
 .text.vTaskDelayUntil
                0x00000000       0xc2 FreeRTOS/tasks.o
 .text.vTaskSuspend
                0x00000000       0xb4 FreeRTOS/tasks.o
 .text.vTaskSetTimeOutState
                0x00000000       0x34 FreeRTOS/tasks.o
 .text.uxTaskGetTaskNumber
                0x00000000        0xe FreeRTOS/tasks.o
 .text.vTaskSetTaskNumber
                0x00000000        0xa FreeRTOS/tasks.o
 .text.vTaskGetInfo
                0x00000000       0xd0 FreeRTOS/tasks.o
 .text.prvListTasksWithinSingleList
                0x00000000       0xb2 FreeRTOS/tasks.o
 .text.uxTaskGetSystemState
                0x00000000       0xcc FreeRTOS/tasks.o
 .text.uxTaskGetStackHighWaterMark
                0x00000000       0x3a FreeRTOS/tasks.o
 .text.xTaskGetCurrentTaskHandle
                0x00000000        0xa FreeRTOS/tasks.o
 .text.ulTaskNotifyTake
                0x00000000       0xc8 FreeRTOS/tasks.o
 .text.xTaskNotifyWait
                0x00000000      0x126 FreeRTOS/tasks.o
 .text.xTaskGenericNotify
                0x00000000      0x12c FreeRTOS/tasks.o
 .text.xTaskGenericNotifyFromISR
                0x00000000      0x142 FreeRTOS/tasks.o
 .text.vTaskNotifyGiveFromISR
                0x00000000       0xb6 FreeRTOS/tasks.o
 .text.xTaskNotifyStateClear
                0x00000000       0x30 FreeRTOS/tasks.o
 .text          0x00000000        0x0 FreeRTOS/timers.o
 .data          0x00000000        0x0 FreeRTOS/timers.o
 .bss           0x00000000        0x0 FreeRTOS/timers.o
 .text.xTimerCreate
                0x00000000       0x70 FreeRTOS/timers.o
 .text.xTimerGetTimerDaemonTaskHandle
                0x00000000        0xa FreeRTOS/timers.o
 .text.xTimerGetPeriod
                0x00000000        0xc FreeRTOS/timers.o
 .text.xTimerGetExpiryTime
                0x00000000        0xc FreeRTOS/timers.o
 .text.pcTimerGetName
                0x00000000        0x8 FreeRTOS/timers.o
 .text.xTimerIsTimerActive
                0x00000000       0x26 FreeRTOS/timers.o
 .text.pvTimerGetTimerID
                0x00000000       0x1a FreeRTOS/timers.o
 .text.vTimerSetTimerID
                0x00000000       0x1a FreeRTOS/timers.o
 .text.xTimerPendFunctionCall
                0x00000000       0x6a FreeRTOS/timers.o
 .text.uxTimerGetTimerNumber
                0x00000000        0x6 FreeRTOS/timers.o
 .text.vTimerSetTimerNumber
                0x00000000        0x6 FreeRTOS/timers.o
 .text          0x00000000        0x0 init.o
 .data          0x00000000        0x0 init.o
 .bss           0x00000000        0x0 init.o
 .text          0x00000000        0x0 main.o
 .data          0x00000000        0x0 main.o
 .bss           0x00000000        0x0 main.o
 .text          0x00000000        0x0 mem_check.o
 .data          0x00000000        0x0 mem_check.o
 .bss           0x00000000        0x0 mem_check.o
 .text.get_mem_unused
                0x00000000       0x1a mem_check.o
 .text          0x00000000        0x0 NHD0420Driver.o
 .data          0x00000000        0x0 NHD0420Driver.o
 .bss           0x00000000        0x0 NHD0420Driver.o
 .text.setRS    0x00000000       0x14 NHD0420Driver.o
 .text.setRW    0x00000000       0x14 NHD0420Driver.o
 .text.setE     0x00000000       0x14 NHD0420Driver.o
 .text.displayHome
                0x00000000        0x8 NHD0420Driver.o
 .text._displayClear
                0x00000000       0x14 NHD0420Driver.o
 .text          0x00000000        0x0 utils.o
 .data          0x00000000        0x0 utils.o
 .bss           0x00000000        0x0 utils.o
 .text          0x00000000        0x0 c:/program files (x86)/atmel/studio/7.0/toolchain/avr8/avr8-gnu-toolchain/bin/../lib/gcc/avr/5.4.0/../../../../avr/lib/avrxmega6\libm.a(addsf3.o)
 .data          0x00000000        0x0 c:/program files (x86)/atmel/studio/7.0/toolchain/avr8/avr8-gnu-toolchain/bin/../lib/gcc/avr/5.4.0/../../../../avr/lib/avrxmega6\libm.a(addsf3.o)
 .bss           0x00000000        0x0 c:/program files (x86)/atmel/studio/7.0/toolchain/avr8/avr8-gnu-toolchain/bin/../lib/gcc/avr/5.4.0/../../../../avr/lib/avrxmega6\libm.a(addsf3.o)
 .text          0x00000000        0x0 c:/program files (x86)/atmel/studio/7.0/toolchain/avr8/avr8-gnu-toolchain/bin/../lib/gcc/avr/5.4.0/../../../../avr/lib/avrxmega6\libm.a(addsf3x.o)
 .data          0x00000000        0x0 c:/program files (x86)/atmel/studio/7.0/toolchain/avr8/avr8-gnu-toolchain/bin/../lib/gcc/avr/5.4.0/../../../../avr/lib/avrxmega6\libm.a(addsf3x.o)
 .bss           0x00000000        0x0 c:/program files (x86)/atmel/studio/7.0/toolchain/avr8/avr8-gnu-toolchain/bin/../lib/gcc/avr/5.4.0/../../../../avr/lib/avrxmega6\libm.a(addsf3x.o)
 .text          0x00000000        0x0 c:/program files (x86)/atmel/studio/7.0/toolchain/avr8/avr8-gnu-toolchain/bin/../lib/gcc/avr/5.4.0/../../../../avr/lib/avrxmega6\libm.a(cmpsf2.o)
 .data          0x00000000        0x0 c:/program files (x86)/atmel/studio/7.0/toolchain/avr8/avr8-gnu-toolchain/bin/../lib/gcc/avr/5.4.0/../../../../avr/lib/avrxmega6\libm.a(cmpsf2.o)
 .bss           0x00000000        0x0 c:/program files (x86)/atmel/studio/7.0/toolchain/avr8/avr8-gnu-toolchain/bin/../lib/gcc/avr/5.4.0/../../../../avr/lib/avrxmega6\libm.a(cmpsf2.o)
 .text          0x00000000        0x0 c:/program files (x86)/atmel/studio/7.0/toolchain/avr8/avr8-gnu-toolchain/bin/../lib/gcc/avr/5.4.0/../../../../avr/lib/avrxmega6\libm.a(divsf3.o)
 .data          0x00000000        0x0 c:/program files (x86)/atmel/studio/7.0/toolchain/avr8/avr8-gnu-toolchain/bin/../lib/gcc/avr/5.4.0/../../../../avr/lib/avrxmega6\libm.a(divsf3.o)
 .bss           0x00000000        0x0 c:/program files (x86)/atmel/studio/7.0/toolchain/avr8/avr8-gnu-toolchain/bin/../lib/gcc/avr/5.4.0/../../../../avr/lib/avrxmega6\libm.a(divsf3.o)
 .text          0x00000000        0x0 c:/program files (x86)/atmel/studio/7.0/toolchain/avr8/avr8-gnu-toolchain/bin/../lib/gcc/avr/5.4.0/../../../../avr/lib/avrxmega6\libm.a(divsf3x.o)
 .data          0x00000000        0x0 c:/program files (x86)/atmel/studio/7.0/toolchain/avr8/avr8-gnu-toolchain/bin/../lib/gcc/avr/5.4.0/../../../../avr/lib/avrxmega6\libm.a(divsf3x.o)
 .bss           0x00000000        0x0 c:/program files (x86)/atmel/studio/7.0/toolchain/avr8/avr8-gnu-toolchain/bin/../lib/gcc/avr/5.4.0/../../../../avr/lib/avrxmega6\libm.a(divsf3x.o)
 .text          0x00000000        0x0 c:/program files (x86)/atmel/studio/7.0/toolchain/avr8/avr8-gnu-toolchain/bin/../lib/gcc/avr/5.4.0/../../../../avr/lib/avrxmega6\libm.a(fixsfsi.o)
 .data          0x00000000        0x0 c:/program files (x86)/atmel/studio/7.0/toolchain/avr8/avr8-gnu-toolchain/bin/../lib/gcc/avr/5.4.0/../../../../avr/lib/avrxmega6\libm.a(fixsfsi.o)
 .bss           0x00000000        0x0 c:/program files (x86)/atmel/studio/7.0/toolchain/avr8/avr8-gnu-toolchain/bin/../lib/gcc/avr/5.4.0/../../../../avr/lib/avrxmega6\libm.a(fixsfsi.o)
 .text          0x00000000        0x0 c:/program files (x86)/atmel/studio/7.0/toolchain/avr8/avr8-gnu-toolchain/bin/../lib/gcc/avr/5.4.0/../../../../avr/lib/avrxmega6\libm.a(fixunssfsi.o)
 .data          0x00000000        0x0 c:/program files (x86)/atmel/studio/7.0/toolchain/avr8/avr8-gnu-toolchain/bin/../lib/gcc/avr/5.4.0/../../../../avr/lib/avrxmega6\libm.a(fixunssfsi.o)
 .bss           0x00000000        0x0 c:/program files (x86)/atmel/studio/7.0/toolchain/avr8/avr8-gnu-toolchain/bin/../lib/gcc/avr/5.4.0/../../../../avr/lib/avrxmega6\libm.a(fixunssfsi.o)
 .text          0x00000000        0x0 c:/program files (x86)/atmel/studio/7.0/toolchain/avr8/avr8-gnu-toolchain/bin/../lib/gcc/avr/5.4.0/../../../../avr/lib/avrxmega6\libm.a(floatsisf.o)
 .data          0x00000000        0x0 c:/program files (x86)/atmel/studio/7.0/toolchain/avr8/avr8-gnu-toolchain/bin/../lib/gcc/avr/5.4.0/../../../../avr/lib/avrxmega6\libm.a(floatsisf.o)
 .bss           0x00000000        0x0 c:/program files (x86)/atmel/studio/7.0/toolchain/avr8/avr8-gnu-toolchain/bin/../lib/gcc/avr/5.4.0/../../../../avr/lib/avrxmega6\libm.a(floatsisf.o)
 .text          0x00000000        0x0 c:/program files (x86)/atmel/studio/7.0/toolchain/avr8/avr8-gnu-toolchain/bin/../lib/gcc/avr/5.4.0/../../../../avr/lib/avrxmega6\libm.a(fp_cmp.o)
 .data          0x00000000        0x0 c:/program files (x86)/atmel/studio/7.0/toolchain/avr8/avr8-gnu-toolchain/bin/../lib/gcc/avr/5.4.0/../../../../avr/lib/avrxmega6\libm.a(fp_cmp.o)
 .bss           0x00000000        0x0 c:/program files (x86)/atmel/studio/7.0/toolchain/avr8/avr8-gnu-toolchain/bin/../lib/gcc/avr/5.4.0/../../../../avr/lib/avrxmega6\libm.a(fp_cmp.o)
 .text          0x00000000        0x0 c:/program files (x86)/atmel/studio/7.0/toolchain/avr8/avr8-gnu-toolchain/bin/../lib/gcc/avr/5.4.0/../../../../avr/lib/avrxmega6\libm.a(fp_inf.o)
 .data          0x00000000        0x0 c:/program files (x86)/atmel/studio/7.0/toolchain/avr8/avr8-gnu-toolchain/bin/../lib/gcc/avr/5.4.0/../../../../avr/lib/avrxmega6\libm.a(fp_inf.o)
 .bss           0x00000000        0x0 c:/program files (x86)/atmel/studio/7.0/toolchain/avr8/avr8-gnu-toolchain/bin/../lib/gcc/avr/5.4.0/../../../../avr/lib/avrxmega6\libm.a(fp_inf.o)
 .text          0x00000000        0x0 c:/program files (x86)/atmel/studio/7.0/toolchain/avr8/avr8-gnu-toolchain/bin/../lib/gcc/avr/5.4.0/../../../../avr/lib/avrxmega6\libm.a(fp_nan.o)
 .data          0x00000000        0x0 c:/program files (x86)/atmel/studio/7.0/toolchain/avr8/avr8-gnu-toolchain/bin/../lib/gcc/avr/5.4.0/../../../../avr/lib/avrxmega6\libm.a(fp_nan.o)
 .bss           0x00000000        0x0 c:/program files (x86)/atmel/studio/7.0/toolchain/avr8/avr8-gnu-toolchain/bin/../lib/gcc/avr/5.4.0/../../../../avr/lib/avrxmega6\libm.a(fp_nan.o)
 .text          0x00000000        0x0 c:/program files (x86)/atmel/studio/7.0/toolchain/avr8/avr8-gnu-toolchain/bin/../lib/gcc/avr/5.4.0/../../../../avr/lib/avrxmega6\libm.a(fp_pscA.o)
 .data          0x00000000        0x0 c:/program files (x86)/atmel/studio/7.0/toolchain/avr8/avr8-gnu-toolchain/bin/../lib/gcc/avr/5.4.0/../../../../avr/lib/avrxmega6\libm.a(fp_pscA.o)
 .bss           0x00000000        0x0 c:/program files (x86)/atmel/studio/7.0/toolchain/avr8/avr8-gnu-toolchain/bin/../lib/gcc/avr/5.4.0/../../../../avr/lib/avrxmega6\libm.a(fp_pscA.o)
 .text          0x00000000        0x0 c:/program files (x86)/atmel/studio/7.0/toolchain/avr8/avr8-gnu-toolchain/bin/../lib/gcc/avr/5.4.0/../../../../avr/lib/avrxmega6\libm.a(fp_pscB.o)
 .data          0x00000000        0x0 c:/program files (x86)/atmel/studio/7.0/toolchain/avr8/avr8-gnu-toolchain/bin/../lib/gcc/avr/5.4.0/../../../../avr/lib/avrxmega6\libm.a(fp_pscB.o)
 .bss           0x00000000        0x0 c:/program files (x86)/atmel/studio/7.0/toolchain/avr8/avr8-gnu-toolchain/bin/../lib/gcc/avr/5.4.0/../../../../avr/lib/avrxmega6\libm.a(fp_pscB.o)
 .text          0x00000000        0x0 c:/program files (x86)/atmel/studio/7.0/toolchain/avr8/avr8-gnu-toolchain/bin/../lib/gcc/avr/5.4.0/../../../../avr/lib/avrxmega6\libm.a(fp_round.o)
 .data          0x00000000        0x0 c:/program files (x86)/atmel/studio/7.0/toolchain/avr8/avr8-gnu-toolchain/bin/../lib/gcc/avr/5.4.0/../../../../avr/lib/avrxmega6\libm.a(fp_round.o)
 .bss           0x00000000        0x0 c:/program files (x86)/atmel/studio/7.0/toolchain/avr8/avr8-gnu-toolchain/bin/../lib/gcc/avr/5.4.0/../../../../avr/lib/avrxmega6\libm.a(fp_round.o)
 .text          0x00000000        0x0 c:/program files (x86)/atmel/studio/7.0/toolchain/avr8/avr8-gnu-toolchain/bin/../lib/gcc/avr/5.4.0/../../../../avr/lib/avrxmega6\libm.a(fp_split3.o)
 .data          0x00000000        0x0 c:/program files (x86)/atmel/studio/7.0/toolchain/avr8/avr8-gnu-toolchain/bin/../lib/gcc/avr/5.4.0/../../../../avr/lib/avrxmega6\libm.a(fp_split3.o)
 .bss           0x00000000        0x0 c:/program files (x86)/atmel/studio/7.0/toolchain/avr8/avr8-gnu-toolchain/bin/../lib/gcc/avr/5.4.0/../../../../avr/lib/avrxmega6\libm.a(fp_split3.o)
 .text          0x00000000        0x0 c:/program files (x86)/atmel/studio/7.0/toolchain/avr8/avr8-gnu-toolchain/bin/../lib/gcc/avr/5.4.0/../../../../avr/lib/avrxmega6\libm.a(fp_zero.o)
 .data          0x00000000        0x0 c:/program files (x86)/atmel/studio/7.0/toolchain/avr8/avr8-gnu-toolchain/bin/../lib/gcc/avr/5.4.0/../../../../avr/lib/avrxmega6\libm.a(fp_zero.o)
 .bss           0x00000000        0x0 c:/program files (x86)/atmel/studio/7.0/toolchain/avr8/avr8-gnu-toolchain/bin/../lib/gcc/avr/5.4.0/../../../../avr/lib/avrxmega6\libm.a(fp_zero.o)
 .text          0x00000000        0x0 c:/program files (x86)/atmel/studio/7.0/toolchain/avr8/avr8-gnu-toolchain/bin/../lib/gcc/avr/5.4.0/../../../../avr/lib/avrxmega6\libm.a(gesf2.o)
 .data          0x00000000        0x0 c:/program files (x86)/atmel/studio/7.0/toolchain/avr8/avr8-gnu-toolchain/bin/../lib/gcc/avr/5.4.0/../../../../avr/lib/avrxmega6\libm.a(gesf2.o)
 .bss           0x00000000        0x0 c:/program files (x86)/atmel/studio/7.0/toolchain/avr8/avr8-gnu-toolchain/bin/../lib/gcc/avr/5.4.0/../../../../avr/lib/avrxmega6\libm.a(gesf2.o)
 .text          0x00000000        0x0 c:/program files (x86)/atmel/studio/7.0/toolchain/avr8/avr8-gnu-toolchain/bin/../lib/gcc/avr/5.4.0/../../../../avr/lib/avrxmega6\libm.a(mulsf3.o)
 .data          0x00000000        0x0 c:/program files (x86)/atmel/studio/7.0/toolchain/avr8/avr8-gnu-toolchain/bin/../lib/gcc/avr/5.4.0/../../../../avr/lib/avrxmega6\libm.a(mulsf3.o)
 .bss           0x00000000        0x0 c:/program files (x86)/atmel/studio/7.0/toolchain/avr8/avr8-gnu-toolchain/bin/../lib/gcc/avr/5.4.0/../../../../avr/lib/avrxmega6\libm.a(mulsf3.o)
 .text          0x00000000        0x0 c:/program files (x86)/atmel/studio/7.0/toolchain/avr8/avr8-gnu-toolchain/bin/../lib/gcc/avr/5.4.0/../../../../avr/lib/avrxmega6\libm.a(mulsf3x.o)
 .data          0x00000000        0x0 c:/program files (x86)/atmel/studio/7.0/toolchain/avr8/avr8-gnu-toolchain/bin/../lib/gcc/avr/5.4.0/../../../../avr/lib/avrxmega6\libm.a(mulsf3x.o)
 .bss           0x00000000        0x0 c:/program files (x86)/atmel/studio/7.0/toolchain/avr8/avr8-gnu-toolchain/bin/../lib/gcc/avr/5.4.0/../../../../avr/lib/avrxmega6\libm.a(mulsf3x.o)
 .text          0x00000000        0x0 c:/program files (x86)/atmel/studio/7.0/toolchain/avr8/avr8-gnu-toolchain/bin/../lib/gcc/avr/5.4.0/avrxmega6\libgcc.a(_exit.o)
 .data          0x00000000        0x0 c:/program files (x86)/atmel/studio/7.0/toolchain/avr8/avr8-gnu-toolchain/bin/../lib/gcc/avr/5.4.0/avrxmega6\libgcc.a(_exit.o)
 .bss           0x00000000        0x0 c:/program files (x86)/atmel/studio/7.0/toolchain/avr8/avr8-gnu-toolchain/bin/../lib/gcc/avr/5.4.0/avrxmega6\libgcc.a(_exit.o)
 .text.libgcc.mul
                0x00000000        0x0 c:/program files (x86)/atmel/studio/7.0/toolchain/avr8/avr8-gnu-toolchain/bin/../lib/gcc/avr/5.4.0/avrxmega6\libgcc.a(_exit.o)
 .text.libgcc.div
                0x00000000        0x0 c:/program files (x86)/atmel/studio/7.0/toolchain/avr8/avr8-gnu-toolchain/bin/../lib/gcc/avr/5.4.0/avrxmega6\libgcc.a(_exit.o)
 .text.libgcc   0x00000000        0x0 c:/program files (x86)/atmel/studio/7.0/toolchain/avr8/avr8-gnu-toolchain/bin/../lib/gcc/avr/5.4.0/avrxmega6\libgcc.a(_exit.o)
 .text.libgcc.prologue
                0x00000000        0x0 c:/program files (x86)/atmel/studio/7.0/toolchain/avr8/avr8-gnu-toolchain/bin/../lib/gcc/avr/5.4.0/avrxmega6\libgcc.a(_exit.o)
 .text.libgcc.builtins
                0x00000000        0x0 c:/program files (x86)/atmel/studio/7.0/toolchain/avr8/avr8-gnu-toolchain/bin/../lib/gcc/avr/5.4.0/avrxmega6\libgcc.a(_exit.o)
 .text.libgcc.fmul
                0x00000000        0x0 c:/program files (x86)/atmel/studio/7.0/toolchain/avr8/avr8-gnu-toolchain/bin/../lib/gcc/avr/5.4.0/avrxmega6\libgcc.a(_exit.o)
 .text.libgcc.fixed
                0x00000000        0x0 c:/program files (x86)/atmel/studio/7.0/toolchain/avr8/avr8-gnu-toolchain/bin/../lib/gcc/avr/5.4.0/avrxmega6\libgcc.a(_exit.o)
 .text          0x00000000        0x0 c:/program files (x86)/atmel/studio/7.0/toolchain/avr8/avr8-gnu-toolchain/bin/../lib/gcc/avr/5.4.0/avrxmega6\libgcc.a(_tablejump2.o)
 .data          0x00000000        0x0 c:/program files (x86)/atmel/studio/7.0/toolchain/avr8/avr8-gnu-toolchain/bin/../lib/gcc/avr/5.4.0/avrxmega6\libgcc.a(_tablejump2.o)
 .bss           0x00000000        0x0 c:/program files (x86)/atmel/studio/7.0/toolchain/avr8/avr8-gnu-toolchain/bin/../lib/gcc/avr/5.4.0/avrxmega6\libgcc.a(_tablejump2.o)
 .text.libgcc.mul
                0x00000000        0x0 c:/program files (x86)/atmel/studio/7.0/toolchain/avr8/avr8-gnu-toolchain/bin/../lib/gcc/avr/5.4.0/avrxmega6\libgcc.a(_tablejump2.o)
 .text.libgcc.div
                0x00000000        0x0 c:/program files (x86)/atmel/studio/7.0/toolchain/avr8/avr8-gnu-toolchain/bin/../lib/gcc/avr/5.4.0/avrxmega6\libgcc.a(_tablejump2.o)
 .text.libgcc.prologue
                0x00000000        0x0 c:/program files (x86)/atmel/studio/7.0/toolchain/avr8/avr8-gnu-toolchain/bin/../lib/gcc/avr/5.4.0/avrxmega6\libgcc.a(_tablejump2.o)
 .text.libgcc.builtins
                0x00000000        0x0 c:/program files (x86)/atmel/studio/7.0/toolchain/avr8/avr8-gnu-toolchain/bin/../lib/gcc/avr/5.4.0/avrxmega6\libgcc.a(_tablejump2.o)
 .text.libgcc.fmul
                0x00000000        0x0 c:/program files (x86)/atmel/studio/7.0/toolchain/avr8/avr8-gnu-toolchain/bin/../lib/gcc/avr/5.4.0/avrxmega6\libgcc.a(_tablejump2.o)
 .text.libgcc.fixed
                0x00000000        0x0 c:/program files (x86)/atmel/studio/7.0/toolchain/avr8/avr8-gnu-toolchain/bin/../lib/gcc/avr/5.4.0/avrxmega6\libgcc.a(_tablejump2.o)
 .text          0x00000000        0x0 c:/program files (x86)/atmel/studio/7.0/toolchain/avr8/avr8-gnu-toolchain/bin/../lib/gcc/avr/5.4.0/avrxmega6\libgcc.a(_copy_data.o)
 .data          0x00000000        0x0 c:/program files (x86)/atmel/studio/7.0/toolchain/avr8/avr8-gnu-toolchain/bin/../lib/gcc/avr/5.4.0/avrxmega6\libgcc.a(_copy_data.o)
 .bss           0x00000000        0x0 c:/program files (x86)/atmel/studio/7.0/toolchain/avr8/avr8-gnu-toolchain/bin/../lib/gcc/avr/5.4.0/avrxmega6\libgcc.a(_copy_data.o)
 .text.libgcc.mul
                0x00000000        0x0 c:/program files (x86)/atmel/studio/7.0/toolchain/avr8/avr8-gnu-toolchain/bin/../lib/gcc/avr/5.4.0/avrxmega6\libgcc.a(_copy_data.o)
 .text.libgcc.div
                0x00000000        0x0 c:/program files (x86)/atmel/studio/7.0/toolchain/avr8/avr8-gnu-toolchain/bin/../lib/gcc/avr/5.4.0/avrxmega6\libgcc.a(_copy_data.o)
 .text.libgcc   0x00000000        0x0 c:/program files (x86)/atmel/studio/7.0/toolchain/avr8/avr8-gnu-toolchain/bin/../lib/gcc/avr/5.4.0/avrxmega6\libgcc.a(_copy_data.o)
 .text.libgcc.prologue
                0x00000000        0x0 c:/program files (x86)/atmel/studio/7.0/toolchain/avr8/avr8-gnu-toolchain/bin/../lib/gcc/avr/5.4.0/avrxmega6\libgcc.a(_copy_data.o)
 .text.libgcc.builtins
                0x00000000        0x0 c:/program files (x86)/atmel/studio/7.0/toolchain/avr8/avr8-gnu-toolchain/bin/../lib/gcc/avr/5.4.0/avrxmega6\libgcc.a(_copy_data.o)
 .text.libgcc.fmul
                0x00000000        0x0 c:/program files (x86)/atmel/studio/7.0/toolchain/avr8/avr8-gnu-toolchain/bin/../lib/gcc/avr/5.4.0/avrxmega6\libgcc.a(_copy_data.o)
 .text.libgcc.fixed
                0x00000000        0x0 c:/program files (x86)/atmel/studio/7.0/toolchain/avr8/avr8-gnu-toolchain/bin/../lib/gcc/avr/5.4.0/avrxmega6\libgcc.a(_copy_data.o)
 .text          0x00000000        0x0 c:/program files (x86)/atmel/studio/7.0/toolchain/avr8/avr8-gnu-toolchain/bin/../lib/gcc/avr/5.4.0/avrxmega6\libgcc.a(_clear_bss.o)
 .data          0x00000000        0x0 c:/program files (x86)/atmel/studio/7.0/toolchain/avr8/avr8-gnu-toolchain/bin/../lib/gcc/avr/5.4.0/avrxmega6\libgcc.a(_clear_bss.o)
 .bss           0x00000000        0x0 c:/program files (x86)/atmel/studio/7.0/toolchain/avr8/avr8-gnu-toolchain/bin/../lib/gcc/avr/5.4.0/avrxmega6\libgcc.a(_clear_bss.o)
 .text.libgcc.mul
                0x00000000        0x0 c:/program files (x86)/atmel/studio/7.0/toolchain/avr8/avr8-gnu-toolchain/bin/../lib/gcc/avr/5.4.0/avrxmega6\libgcc.a(_clear_bss.o)
 .text.libgcc.div
                0x00000000        0x0 c:/program files (x86)/atmel/studio/7.0/toolchain/avr8/avr8-gnu-toolchain/bin/../lib/gcc/avr/5.4.0/avrxmega6\libgcc.a(_clear_bss.o)
 .text.libgcc   0x00000000        0x0 c:/program files (x86)/atmel/studio/7.0/toolchain/avr8/avr8-gnu-toolchain/bin/../lib/gcc/avr/5.4.0/avrxmega6\libgcc.a(_clear_bss.o)
 .text.libgcc.prologue
                0x00000000        0x0 c:/program files (x86)/atmel/studio/7.0/toolchain/avr8/avr8-gnu-toolchain/bin/../lib/gcc/avr/5.4.0/avrxmega6\libgcc.a(_clear_bss.o)
 .text.libgcc.builtins
                0x00000000        0x0 c:/program files (x86)/atmel/studio/7.0/toolchain/avr8/avr8-gnu-toolchain/bin/../lib/gcc/avr/5.4.0/avrxmega6\libgcc.a(_clear_bss.o)
 .text.libgcc.fmul
                0x00000000        0x0 c:/program files (x86)/atmel/studio/7.0/toolchain/avr8/avr8-gnu-toolchain/bin/../lib/gcc/avr/5.4.0/avrxmega6\libgcc.a(_clear_bss.o)
 .text.libgcc.fixed
                0x00000000        0x0 c:/program files (x86)/atmel/studio/7.0/toolchain/avr8/avr8-gnu-toolchain/bin/../lib/gcc/avr/5.4.0/avrxmega6\libgcc.a(_clear_bss.o)
 .text          0x00000000        0x0 c:/program files (x86)/atmel/studio/7.0/toolchain/avr8/avr8-gnu-toolchain/bin/../lib/gcc/avr/5.4.0/../../../../avr/lib/avrxmega6\libc.a(memcpy.o)
 .data          0x00000000        0x0 c:/program files (x86)/atmel/studio/7.0/toolchain/avr8/avr8-gnu-toolchain/bin/../lib/gcc/avr/5.4.0/../../../../avr/lib/avrxmega6\libc.a(memcpy.o)
 .bss           0x00000000        0x0 c:/program files (x86)/atmel/studio/7.0/toolchain/avr8/avr8-gnu-toolchain/bin/../lib/gcc/avr/5.4.0/../../../../avr/lib/avrxmega6\libc.a(memcpy.o)
 .text          0x00000000        0x0 c:/program files (x86)/atmel/studio/7.0/toolchain/avr8/avr8-gnu-toolchain/bin/../lib/gcc/avr/5.4.0/../../../../avr/lib/avrxmega6\libc.a(memset.o)
 .data          0x00000000        0x0 c:/program files (x86)/atmel/studio/7.0/toolchain/avr8/avr8-gnu-toolchain/bin/../lib/gcc/avr/5.4.0/../../../../avr/lib/avrxmega6\libc.a(memset.o)
 .bss           0x00000000        0x0 c:/program files (x86)/atmel/studio/7.0/toolchain/avr8/avr8-gnu-toolchain/bin/../lib/gcc/avr/5.4.0/../../../../avr/lib/avrxmega6\libc.a(memset.o)
 .text          0x00000000        0x0 c:/program files (x86)/atmel/studio/7.0/toolchain/avr8/avr8-gnu-toolchain/bin/../lib/gcc/avr/5.4.0/../../../../avr/lib/avrxmega6\libc.a(itoa_ncheck.o)
 .data          0x00000000        0x0 c:/program files (x86)/atmel/studio/7.0/toolchain/avr8/avr8-gnu-toolchain/bin/../lib/gcc/avr/5.4.0/../../../../avr/lib/avrxmega6\libc.a(itoa_ncheck.o)
 .bss           0x00000000        0x0 c:/program files (x86)/atmel/studio/7.0/toolchain/avr8/avr8-gnu-toolchain/bin/../lib/gcc/avr/5.4.0/../../../../avr/lib/avrxmega6\libc.a(itoa_ncheck.o)
 .text          0x00000000        0x0 c:/program files (x86)/atmel/studio/7.0/toolchain/avr8/avr8-gnu-toolchain/bin/../lib/gcc/avr/5.4.0/../../../../avr/lib/avrxmega6\libc.a(utoa_ncheck.o)
 .data          0x00000000        0x0 c:/program files (x86)/atmel/studio/7.0/toolchain/avr8/avr8-gnu-toolchain/bin/../lib/gcc/avr/5.4.0/../../../../avr/lib/avrxmega6\libc.a(utoa_ncheck.o)
 .bss           0x00000000        0x0 c:/program files (x86)/atmel/studio/7.0/toolchain/avr8/avr8-gnu-toolchain/bin/../lib/gcc/avr/5.4.0/../../../../avr/lib/avrxmega6\libc.a(utoa_ncheck.o)
 .text          0x00000000        0x0 c:/program files (x86)/atmel/studio/7.0/toolchain/avr8/avr8-gnu-toolchain/bin/../lib/gcc/avr/5.4.0/../../../../avr/lib/avrxmega6\libc.a(strrev.o)
 .data          0x00000000        0x0 c:/program files (x86)/atmel/studio/7.0/toolchain/avr8/avr8-gnu-toolchain/bin/../lib/gcc/avr/5.4.0/../../../../avr/lib/avrxmega6\libc.a(strrev.o)
 .bss           0x00000000        0x0 c:/program files (x86)/atmel/studio/7.0/toolchain/avr8/avr8-gnu-toolchain/bin/../lib/gcc/avr/5.4.0/../../../../avr/lib/avrxmega6\libc.a(strrev.o)

Memory Configuration

Name             Origin             Length             Attributes
text             0x00000000         0x00100000         xr
data             0x00802000         0x0000ffa0         rw !x
eeprom           0x00810000         0x00010000         rw !x
fuse             0x00820000         0x00000006         rw !x
lock             0x00830000         0x00000400         rw !x
signature        0x00840000         0x00000400         rw !x
user_signatures  0x00850000         0x00000400         rw !x
*default*        0x00000000         0xffffffff

Linker script and memory map

LOAD C:/Program Files (x86)/Atmel/Studio/7.0/Packs/Atmel/XMEGAA_DFP/1.1.68/gcc/dev/atxmega128a3u/avrxmega6/crtatxmega128a3u.o
LOAD driver/clksys_driver.o
LOAD driver/pmic_driver.o
LOAD driver/port_driver.o
LOAD driver/TC_driver.o
LOAD errorHandler.o
LOAD FreeRTOS/croutine.o
LOAD FreeRTOS/event_groups.o
LOAD FreeRTOS/heap_1.o
LOAD FreeRTOS/list.o
LOAD FreeRTOS/port.o
LOAD FreeRTOS/queue.o
LOAD FreeRTOS/stream_buffer.o
LOAD FreeRTOS/tasks.o
LOAD FreeRTOS/timers.o
LOAD init.o
LOAD main.o
LOAD mem_check.o
LOAD NHD0420Driver.o
LOAD utils.o
START GROUP
LOAD c:/program files (x86)/atmel/studio/7.0/toolchain/avr8/avr8-gnu-toolchain/bin/../lib/gcc/avr/5.4.0/../../../../avr/lib/avrxmega6\libm.a
END GROUP
START GROUP
LOAD c:/program files (x86)/atmel/studio/7.0/toolchain/avr8/avr8-gnu-toolchain/bin/../lib/gcc/avr/5.4.0/avrxmega6\libgcc.a
LOAD c:/program files (x86)/atmel/studio/7.0/toolchain/avr8/avr8-gnu-toolchain/bin/../lib/gcc/avr/5.4.0/../../../../avr/lib/avrxmega6\libm.a
LOAD c:/program files (x86)/atmel/studio/7.0/toolchain/avr8/avr8-gnu-toolchain/bin/../lib/gcc/avr/5.4.0/../../../../avr/lib/avrxmega6\libc.a
LOAD C:/Program Files (x86)/Atmel/Studio/7.0/Packs/Atmel/XMEGAA_DFP/1.1.68/gcc/dev/atxmega128a3u/avrxmega6\libatxmega128a3u.a
END GROUP
                0x00100000                __TEXT_REGION_LENGTH__ = DEFINED (__TEXT_REGION_LENGTH__)?__TEXT_REGION_LENGTH__:0x100000
                0x0000ffa0                __DATA_REGION_LENGTH__ = DEFINED (__DATA_REGION_LENGTH__)?__DATA_REGION_LENGTH__:0xffa0
                0x00010000                __EEPROM_REGION_LENGTH__ = DEFINED (__EEPROM_REGION_LENGTH__)?__EEPROM_REGION_LENGTH__:0x10000
                [0x00000006]                __FUSE_REGION_LENGTH__ = DEFINED (__FUSE_REGION_LENGTH__)?__FUSE_REGION_LENGTH__:0x400
                0x00000400                __LOCK_REGION_LENGTH__ = DEFINED (__LOCK_REGION_LENGTH__)?__LOCK_REGION_LENGTH__:0x400
                0x00000400                __SIGNATURE_REGION_LENGTH__ = DEFINED (__SIGNATURE_REGION_LENGTH__)?__SIGNATURE_REGION_LENGTH__:0x400
                0x00000400                __USER_SIGNATURE_REGION_LENGTH__ = DEFINED (__USER_SIGNATURE_REGION_LENGTH__)?__USER_SIGNATURE_REGION_LENGTH__:0x400

.hash
 *(.hash)

.dynsym
 *(.dynsym)

.dynstr
 *(.dynstr)

.gnu.version
 *(.gnu.version)

.gnu.version_d
 *(.gnu.version_d)

.gnu.version_r
 *(.gnu.version_r)

.rel.init
 *(.rel.init)

.rela.init
 *(.rela.init)

.rel.text
 *(.rel.text)
 *(.rel.text.*)
 *(.rel.gnu.linkonce.t*)

.rela.text
 *(.rela.text)
 *(.rela.text.*)
 *(.rela.gnu.linkonce.t*)

.rel.fini
 *(.rel.fini)

.rela.fini
 *(.rela.fini)

.rel.rodata
 *(.rel.rodata)
 *(.rel.rodata.*)
 *(.rel.gnu.linkonce.r*)

.rela.rodata
 *(.rela.rodata)
 *(.rela.rodata.*)
 *(.rela.gnu.linkonce.r*)

.rel.data
 *(.rel.data)
 *(.rel.data.*)
 *(.rel.gnu.linkonce.d*)

.rela.data
 *(.rela.data)
 *(.rela.data.*)
 *(.rela.gnu.linkonce.d*)

.rel.ctors
 *(.rel.ctors)

.rela.ctors
 *(.rela.ctors)

.rel.dtors
 *(.rel.dtors)

.rela.dtors
 *(.rela.dtors)

.rel.got
 *(.rel.got)

.rela.got
 *(.rela.got)

.rel.bss
 *(.rel.bss)

.rela.bss
 *(.rela.bss)

.rel.plt
 *(.rel.plt)

.rela.plt
 *(.rela.plt)

.text           0x00000000     0x355c
 *(.vectors)
 .vectors       0x00000000      0x1fc C:/Program Files (x86)/Atmel/Studio/7.0/Packs/Atmel/XMEGAA_DFP/1.1.68/gcc/dev/atxmega128a3u/avrxmega6/crtatxmega128a3u.o
                0x00000000                __vector_default
                0x00000000                __vectors
 *(.vectors)
 *(.progmem.gcc*)
 .progmem.gcc_sw_table.prvTimerTask
                0x000001fc       0x14 FreeRTOS/timers.o
                0x00000210                . = ALIGN (0x2)
                0x00000210                __trampolines_start = .
 *(.trampolines)
 .trampolines   0x00000210       0x24 linker stubs
 *(.trampolines*)
                0x00000234                __trampolines_end = .
 *libprintf_flt.a:*(.progmem.data)
 *libc.a:*(.progmem.data)
 *(.progmem*)
                0x00000234                . = ALIGN (0x2)
 *(.jumptables)
 *(.jumptables*)
 *(.lowtext)
 *(.lowtext*)
                0x00000234                __ctors_start = .
 *(.ctors)
                0x00000234                __ctors_end = .
                0x00000234                __dtors_start = .
 *(.dtors)
                0x00000234                __dtors_end = .
 SORT(*)(.ctors)
 SORT(*)(.dtors)
 *(.init0)
 .init0         0x00000234        0x0 C:/Program Files (x86)/Atmel/Studio/7.0/Packs/Atmel/XMEGAA_DFP/1.1.68/gcc/dev/atxmega128a3u/avrxmega6/crtatxmega128a3u.o
                0x00000234                __init
 *(.init0)
 *(.init1)
 *(.init1)
 *(.init2)
 .init2         0x00000234       0x10 C:/Program Files (x86)/Atmel/Studio/7.0/Packs/Atmel/XMEGAA_DFP/1.1.68/gcc/dev/atxmega128a3u/avrxmega6/crtatxmega128a3u.o
 *(.init2)
 *(.init3)
 .init3         0x00000244       0x10 mem_check.o
                0x00000244                init_mem
 *(.init3)
 *(.init4)
 .init4         0x00000254       0x1a c:/program files (x86)/atmel/studio/7.0/toolchain/avr8/avr8-gnu-toolchain/bin/../lib/gcc/avr/5.4.0/avrxmega6\libgcc.a(_copy_data.o)
                0x00000254                __do_copy_data
 .init4         0x0000026e       0x10 c:/program files (x86)/atmel/studio/7.0/toolchain/avr8/avr8-gnu-toolchain/bin/../lib/gcc/avr/5.4.0/avrxmega6\libgcc.a(_clear_bss.o)
                0x0000026e                __do_clear_bss
 *(.init4)
 *(.init5)
 *(.init5)
 *(.init6)
 *(.init6)
 *(.init7)
 *(.init7)
 *(.init8)
 *(.init8)
 *(.init9)
 .init9         0x0000027e        0x8 C:/Program Files (x86)/Atmel/Studio/7.0/Packs/Atmel/XMEGAA_DFP/1.1.68/gcc/dev/atxmega128a3u/avrxmega6/crtatxmega128a3u.o
 *(.init9)
 *(.text)
 .text          0x00000286        0x4 C:/Program Files (x86)/Atmel/Studio/7.0/Packs/Atmel/XMEGAA_DFP/1.1.68/gcc/dev/atxmega128a3u/avrxmega6/crtatxmega128a3u.o
                0x00000286                __vector_38
                0x00000286                __vector_104
                0x00000286                __vector_22
                0x00000286                __vector_63
                0x00000286                __vector_28
                0x00000286                __vector_67
                0x00000286                __vector_1
                0x00000286                __vector_119
                0x00000286                __vector_32
                0x00000286                __vector_75
                0x00000286                __vector_71
                0x00000286                __vector_91
                0x00000286                __vector_34
                0x00000286                __vector_62
                0x00000286                __vector_77
                0x00000286                __vector_102
                0x00000286                __vector_24
                0x00000286                __vector_12
                0x00000286                __vector_55
                0x00000286                __vector_69
                0x00000286                __vector_81
                0x00000286                __vector_90
                0x00000286                __vector_46
                0x00000286                __bad_interrupt
                0x00000286                __vector_122
                0x00000286                __vector_72
                0x00000286                __vector_114
                0x00000286                __vector_6
                0x00000286                __vector_110
                0x00000286                __vector_31
                0x00000286                __vector_92
                0x00000286                __vector_35
                0x00000286                __vector_78
                0x00000286                __vector_74
                0x00000286                __vector_117
                0x00000286                __vector_39
                0x00000286                __vector_107
                0x00000286                __vector_3
                0x00000286                __vector_105
                0x00000286                __vector_98
                0x00000286                __vector_23
                0x00000286                __vector_68
                0x00000286                __vector_30
                0x00000286                __vector_73
                0x00000286                __vector_45
                0x00000286                __vector_25
                0x00000286                __vector_93
                0x00000286                __vector_61
                0x00000286                __vector_11
                0x00000286                __vector_54
                0x00000286                __vector_99
                0x00000286                __vector_13
                0x00000286                __vector_17
                0x00000286                __vector_19
                0x00000286                __vector_56
                0x00000286                __vector_7
                0x00000286                __vector_125
                0x00000286                __vector_49
                0x00000286                __vector_123
                0x00000286                __vector_41
                0x00000286                __vector_86
                0x00000286                __vector_100
                0x00000286                __vector_101
                0x00000286                __vector_64
                0x00000286                __vector_88
                0x00000286                __vector_109
                0x00000286                __vector_43
                0x00000286                __vector_27
                0x00000286                __vector_5
                0x00000286                __vector_113
                0x00000286                __vector_33
                0x00000286                __vector_76
                0x00000286                __vector_115
                0x00000286                __vector_47
                0x00000286                __vector_52
                0x00000286                __vector_37
                0x00000286                __vector_95
                0x00000286                __vector_103
                0x00000286                __vector_96
                0x00000286                __vector_89
                0x00000286                __vector_4
                0x00000286                __vector_44
                0x00000286                __vector_82
                0x00000286                __vector_106
                0x00000286                __vector_118
                0x00000286                __vector_51
                0x00000286                __vector_9
                0x00000286                __vector_2
                0x00000286                __vector_21
                0x00000286                __vector_15
                0x00000286                __vector_66
                0x00000286                __vector_36
                0x00000286                __vector_79
                0x00000286                __vector_58
                0x00000286                __vector_70
                0x00000286                __vector_83
                0x00000286                __vector_29
                0x00000286                __vector_60
                0x00000286                __vector_121
                0x00000286                __vector_40
                0x00000286                __vector_85
                0x00000286                __vector_94
                0x00000286                __vector_126
                0x00000286                __vector_8
                0x00000286                __vector_26
                0x00000286                __vector_48
                0x00000286                __vector_124
                0x00000286                __vector_116
                0x00000286                __vector_112
                0x00000286                __vector_111
                0x00000286                __vector_80
                0x00000286                __vector_84
                0x00000286                __vector_57
                0x00000286                __vector_53
                0x00000286                __vector_10
                0x00000286                __vector_50
                0x00000286                __vector_16
                0x00000286                __vector_59
                0x00000286                __vector_18
                0x00000286                __vector_97
                0x00000286                __vector_20
                0x00000286                __vector_42
                0x00000286                __vector_87
                0x00000286                __vector_65
                0x00000286                __vector_120
                0x0000028a                . = ALIGN (0x2)
 *(.text.*)
 .text.CCPWrite
                0x0000028a       0x2a driver/clksys_driver.o
                0x0000028a                CCPWrite
 .text.CLKSYS_XOSC_Config
                0x000002b4       0x14 driver/clksys_driver.o
                0x000002b4                CLKSYS_XOSC_Config
 .text.CLKSYS_PLL_Config
                0x000002c8        0xa driver/clksys_driver.o
                0x000002c8                CLKSYS_PLL_Config
 .text.CLKSYS_Disable
                0x000002d2       0x14 driver/clksys_driver.o
                0x000002d2                CLKSYS_Disable
 .text.CLKSYS_Prescalers_Config
                0x000002e6        0xc driver/clksys_driver.o
                0x000002e6                CLKSYS_Prescalers_Config
 .text.CLKSYS_Main_ClockSource_Select
                0x000002f2       0x2a driver/clksys_driver.o
                0x000002f2                CLKSYS_Main_ClockSource_Select
 .text.TC0_ConfigClockSource
                0x0000031c        0xc driver/TC_driver.o
                0x0000031c                TC0_ConfigClockSource
 .text.TC0_ConfigWGM
                0x00000328        0xc driver/TC_driver.o
                0x00000328                TC0_ConfigWGM
 .text.TC0_SetOverflowIntLevel
                0x00000334        0xc driver/TC_driver.o
                0x00000334                TC0_SetOverflowIntLevel
 .text.software_reset
                0x00000340        0xe errorHandler.o
                0x00000340                software_reset
 .text.vApplicationStackOverflowHook
                0x0000034e        0x6 errorHandler.o
                0x0000034e                vApplicationStackOverflowHook
 .text.xEventGroupCreate
                0x00000354       0x2a FreeRTOS/event_groups.o
                0x00000354                xEventGroupCreate
 .text.xEventGroupWaitBits
                0x0000037e      0x18a FreeRTOS/event_groups.o
                0x0000037e                xEventGroupWaitBits
 .text.xEventGroupClearBits
                0x00000508       0x42 FreeRTOS/event_groups.o
                0x00000508                xEventGroupClearBits
 .text.xEventGroupSetBits
                0x0000054a      0x124 FreeRTOS/event_groups.o
                0x0000054a                xEventGroupSetBits
 .text.vEventGroupSetBitsCallback
                0x0000066e        0x6 FreeRTOS/event_groups.o
                0x0000066e                vEventGroupSetBitsCallback
 .text.xEventGroupSetBitsFromISR
                0x00000674       0x1a FreeRTOS/event_groups.o
                0x00000674                xEventGroupSetBitsFromISR
 .text.pvPortMalloc
                0x0000068e       0x4c FreeRTOS/heap_1.o
                0x0000068e                pvPortMalloc
 .text.vPortFree
                0x000006da        0x2 FreeRTOS/heap_1.o
                0x000006da                vPortFree
 .text.vListInitialise
                0x000006dc       0x22 FreeRTOS/list.o
                0x000006dc                vListInitialise
 .text.vListInitialiseItem
                0x000006fe        0x8 FreeRTOS/list.o
                0x000006fe                vListInitialiseItem
 .text.vListInsertEnd
                0x00000706       0x42 FreeRTOS/list.o
                0x00000706                vListInsertEnd
 .text.vListInsert
                0x00000748       0x7a FreeRTOS/list.o
                0x00000748                vListInsert
 .text.uxListRemove
                0x000007c2       0x4e FreeRTOS/list.o
                0x000007c2                uxListRemove
 .text._portSetInterruptMaskFromIsr
                0x00000810        0xe FreeRTOS/port.o
                0x00000810                _portSetInterruptMaskFromIsr
 .text.pxPortInitialiseStack
                0x0000081e       0xfa FreeRTOS/port.o
                0x0000081e                pxPortInitialiseStack
 .text.xPortStartScheduler
                0x00000918       0x80 FreeRTOS/port.o
                0x00000918                xPortStartScheduler
 .text.vPortYield
                0x00000998       0xc2 FreeRTOS/port.o
                0x00000998                vPortYield
 .text.portTaskSwitchContext
                0x00000a5a       0x3e FreeRTOS/port.o
                0x00000a5a                portTaskSwitchContext
 .text.__vector_14
                0x00000a98       0xd2 FreeRTOS/port.o
                0x00000a98                __vector_14
 .text.prvIsQueueEmpty
                0x00000b6a       0x1e FreeRTOS/queue.o
 .text.prvIsQueueFull
                0x00000b88       0x26 FreeRTOS/queue.o
 .text.prvCopyDataToQueue
                0x00000bae       0x92 FreeRTOS/queue.o
 .text.prvCopyDataFromQueue
                0x00000c40       0x34 FreeRTOS/queue.o
 .text.prvUnlockQueue
                0x00000c74       0xac FreeRTOS/queue.o
 .text.xQueueGenericReset
                0x00000d20       0x82 FreeRTOS/queue.o
                0x00000d20                xQueueGenericReset
 .text.xQueueGenericCreate
                0x00000da2       0x62 FreeRTOS/queue.o
                0x00000da2                xQueueGenericCreate
 .text.xQueueGenericSend
                0x00000e04      0x14c FreeRTOS/queue.o
                0x00000e04                xQueueGenericSend
 .text.xQueueGenericSendFromISR
                0x00000f50       0x8a FreeRTOS/queue.o
                0x00000f50                xQueueGenericSendFromISR
 .text.xQueueReceive
                0x00000fda      0x14c FreeRTOS/queue.o
                0x00000fda                xQueueReceive
 .text.uxQueueMessagesWaiting
                0x00001126       0x18 FreeRTOS/queue.o
                0x00001126                uxQueueMessagesWaiting
 .text.vQueueWaitForMessageRestricted
                0x0000113e       0x42 FreeRTOS/queue.o
                0x0000113e                vQueueWaitForMessageRestricted
 .text.prvResetNextTaskUnblockTime
                0x00001180       0x54 FreeRTOS/tasks.o
 .text.prvAddCurrentTaskToDelayedList
                0x000011d4       0xee FreeRTOS/tasks.o
 .text.prvIdleTask
                0x000012c2       0x14 FreeRTOS/tasks.o
 .text.xTaskCreate
                0x000012d6      0x22a FreeRTOS/tasks.o
                0x000012d6                xTaskCreate
 .text.vTaskStartScheduler
                0x00001500       0x76 FreeRTOS/tasks.o
                0x00001500                vTaskStartScheduler
 .text.vTaskSuspendAll
                0x00001576        0xc FreeRTOS/tasks.o
                0x00001576                vTaskSuspendAll
 .text.xTaskGetTickCount
                0x00001582       0x24 FreeRTOS/tasks.o
                0x00001582                xTaskGetTickCount
 .text.xTaskIncrementTick
                0x000015a6      0x1a6 FreeRTOS/tasks.o
                0x000015a6                xTaskIncrementTick
 .text.xTaskResumeAll
                0x0000174c      0x104 FreeRTOS/tasks.o
                0x0000174c                xTaskResumeAll
 .text.vTaskDelay
                0x00001850       0x38 FreeRTOS/tasks.o
                0x00001850                vTaskDelay
 .text.vTaskSwitchContext
                0x00001888      0x11c FreeRTOS/tasks.o
                0x00001888                vTaskSwitchContext
 .text.vTaskPlaceOnEventList
                0x000019a4       0x30 FreeRTOS/tasks.o
                0x000019a4                vTaskPlaceOnEventList
 .text.vTaskPlaceOnUnorderedEventList
                0x000019d4       0x4a FreeRTOS/tasks.o
                0x000019d4                vTaskPlaceOnUnorderedEventList
 .text.vTaskPlaceOnEventListRestricted
                0x00001a1e       0x42 FreeRTOS/tasks.o
                0x00001a1e                vTaskPlaceOnEventListRestricted
 .text.xTaskRemoveFromEventList
                0x00001a60       0x84 FreeRTOS/tasks.o
                0x00001a60                xTaskRemoveFromEventList
 .text.vTaskRemoveFromUnorderedEventList
                0x00001ae4       0x68 FreeRTOS/tasks.o
                0x00001ae4                vTaskRemoveFromUnorderedEventList
 .text.vTaskInternalSetTimeOutState
                0x00001b4c       0x22 FreeRTOS/tasks.o
                0x00001b4c                vTaskInternalSetTimeOutState
 .text.xTaskCheckForTimeOut
                0x00001b6e       0xbc FreeRTOS/tasks.o
                0x00001b6e                xTaskCheckForTimeOut
 .text.vTaskMissedYield
                0x00001c2a        0x8 FreeRTOS/tasks.o
                0x00001c2a                vTaskMissedYield
 .text.xTaskGetSchedulerState
                0x00001c32       0x1c FreeRTOS/tasks.o
                0x00001c32                xTaskGetSchedulerState
 .text.uxTaskResetEventItemValue
                0x00001c4e       0x50 FreeRTOS/tasks.o
                0x00001c4e                uxTaskResetEventItemValue
 .text.prvInsertTimerInActiveList
                0x00001c9e       0x92 FreeRTOS/timers.o
 .text.prvCheckForValidListAndQueue
                0x00001d30       0x5a FreeRTOS/timers.o
 .text.xTimerCreateTimerTask
                0x00001d8a       0x44 FreeRTOS/timers.o
                0x00001d8a                xTimerCreateTimerTask
 .text.xTimerGenericCommand
                0x00001dce       0xb2 FreeRTOS/timers.o
                0x00001dce                xTimerGenericCommand
 .text.prvSampleTimeNow
                0x00001e80      0x130 FreeRTOS/timers.o
 .text.prvTimerTask
                0x00001fb0      0x25e FreeRTOS/timers.o
 .text.xTimerPendFunctionCallFromISR
                0x0000220e       0x4c FreeRTOS/timers.o
                0x0000220e                xTimerPendFunctionCallFromISR
 .text.vInitClock
                0x0000225a       0x70 init.o
                0x0000225a                vInitClock
 .text.vLedBlink
                0x000022ca       0x22 main.o
                0x000022ca                vLedBlink
 .text.vApplicationIdleHook
                0x000022ec        0x2 main.o
                0x000022ec                vApplicationIdleHook
 .text.main     0x000022ee       0xb2 main.o
                0x000022ee                main
 .text.__vector_108
                0x000023a0       0x86 NHD0420Driver.o
                0x000023a0                __vector_108
 .text.delayUS  0x00002426       0xe6 NHD0420Driver.o
                0x00002426                delayUS
 .text.setPort  0x0000250c       0x1a NHD0420Driver.o
                0x0000250c                setPort
 .text.Nybble   0x00002526       0x24 NHD0420Driver.o
                0x00002526                Nybble
 .text.command  0x0000254a       0x2c NHD0420Driver.o
                0x0000254a                command
 .text.write    0x00002576       0x2c NHD0420Driver.o
                0x00002576                write
 .text.vInitDisplay
                0x000025a2       0x88 NHD0420Driver.o
                0x000025a2                vInitDisplay
 .text._displaySetPos
                0x0000262a       0x4e NHD0420Driver.o
                0x0000262a                _displaySetPos
 .text._displayWriteChar
                0x00002678       0x12 NHD0420Driver.o
                0x00002678                _displayWriteChar
 .text._displayWriteString
                0x0000268a       0x3e NHD0420Driver.o
                0x0000268a                _displayWriteString
 .text._displayWriteStringAtPos
                0x000026c8       0x16 NHD0420Driver.o
                0x000026c8                _displayWriteStringAtPos
 .text.vDisplayUpdateTask
                0x000026de      0x1bc NHD0420Driver.o
                0x000026de                vDisplayUpdateTask
 .text.vDisplayClear
                0x0000289a       0x16 NHD0420Driver.o
                0x0000289a                vDisplayClear
 .text.vDisplayWriteStringAtPos
                0x000028b0      0x746 NHD0420Driver.o
                0x000028b0                vDisplayWriteStringAtPos
 .text.getResetReason
                0x00002ff6       0x4c utils.o
                0x00002ff6                getResetReason
 .text.avr-libc.fplib
                0x00003042        0xe c:/program files (x86)/atmel/studio/7.0/toolchain/avr8/avr8-gnu-toolchain/bin/../lib/gcc/avr/5.4.0/../../../../avr/lib/avrxmega6\libm.a(addsf3.o)
                0x00003042                __subsf3
                0x00003044                __addsf3
 .text.avr-libc.fplib
                0x00003050       0xcc c:/program files (x86)/atmel/studio/7.0/toolchain/avr8/avr8-gnu-toolchain/bin/../lib/gcc/avr/5.4.0/../../../../avr/lib/avrxmega6\libm.a(addsf3x.o)
                0x00003072                __addsf3x
 .text.avr-libc.fplib
                0x0000311c        0xa c:/program files (x86)/atmel/studio/7.0/toolchain/avr8/avr8-gnu-toolchain/bin/../lib/gcc/avr/5.4.0/../../../../avr/lib/avrxmega6\libm.a(cmpsf2.o)
                0x0000311c                __nesf2
                0x0000311c                __eqsf2
                0x0000311c                __cmpsf2
                0x0000311c                __ltsf2
                0x0000311c                __lesf2
 .text.avr-libc.fplib
                0x00003126        0x8 c:/program files (x86)/atmel/studio/7.0/toolchain/avr8/avr8-gnu-toolchain/bin/../lib/gcc/avr/5.4.0/../../../../avr/lib/avrxmega6\libm.a(divsf3.o)
                0x00003126                __divsf3
 .text.avr-libc.fplib
                0x0000312e       0xdc c:/program files (x86)/atmel/studio/7.0/toolchain/avr8/avr8-gnu-toolchain/bin/../lib/gcc/avr/5.4.0/../../../../avr/lib/avrxmega6\libm.a(divsf3x.o)
                0x0000314e                __divsf3x
                0x00003154                __divsf3_pse
 .text.avr-libc.fplib
                0x0000320a        0xe c:/program files (x86)/atmel/studio/7.0/toolchain/avr8/avr8-gnu-toolchain/bin/../lib/gcc/avr/5.4.0/../../../../avr/lib/avrxmega6\libm.a(fixsfsi.o)
                0x0000320a                __fixsfsi
 .text.avr-libc.fplib
                0x00003218       0x5e c:/program files (x86)/atmel/studio/7.0/toolchain/avr8/avr8-gnu-toolchain/bin/../lib/gcc/avr/5.4.0/../../../../avr/lib/avrxmega6\libm.a(fixunssfsi.o)
                0x00003218                __fixunssfsi
 .text.avr-libc.fplib
                0x00003276       0x7a c:/program files (x86)/atmel/studio/7.0/toolchain/avr8/avr8-gnu-toolchain/bin/../lib/gcc/avr/5.4.0/../../../../avr/lib/avrxmega6\libm.a(floatsisf.o)
                0x00003276                __floatunsisf
                0x0000327a                __floatsisf
 .text.avr-libc.fplib
                0x000032f0       0x48 c:/program files (x86)/atmel/studio/7.0/toolchain/avr8/avr8-gnu-toolchain/bin/../lib/gcc/avr/5.4.0/../../../../avr/lib/avrxmega6\libm.a(fp_cmp.o)
                0x000032f0                __fp_cmp
 .text.avr-libc.fplib
                0x00003338        0xc c:/program files (x86)/atmel/studio/7.0/toolchain/avr8/avr8-gnu-toolchain/bin/../lib/gcc/avr/5.4.0/../../../../avr/lib/avrxmega6\libm.a(fp_inf.o)
                0x00003338                __fp_inf
 .text.avr-libc.fplib
                0x00003344        0x6 c:/program files (x86)/atmel/studio/7.0/toolchain/avr8/avr8-gnu-toolchain/bin/../lib/gcc/avr/5.4.0/../../../../avr/lib/avrxmega6\libm.a(fp_nan.o)
                0x00003344                __fp_nan
 .text.avr-libc.fplib
                0x0000334a        0xe c:/program files (x86)/atmel/studio/7.0/toolchain/avr8/avr8-gnu-toolchain/bin/../lib/gcc/avr/5.4.0/../../../../avr/lib/avrxmega6\libm.a(fp_pscA.o)
                0x0000334a                __fp_pscA
 .text.avr-libc.fplib
                0x00003358        0xe c:/program files (x86)/atmel/studio/7.0/toolchain/avr8/avr8-gnu-toolchain/bin/../lib/gcc/avr/5.4.0/../../../../avr/lib/avrxmega6\libm.a(fp_pscB.o)
                0x00003358                __fp_pscB
 .text.avr-libc.fplib
                0x00003366       0x22 c:/program files (x86)/atmel/studio/7.0/toolchain/avr8/avr8-gnu-toolchain/bin/../lib/gcc/avr/5.4.0/../../../../avr/lib/avrxmega6\libm.a(fp_round.o)
                0x00003366                __fp_round
 .text.avr-libc.fplib
                0x00003388       0x44 c:/program files (x86)/atmel/studio/7.0/toolchain/avr8/avr8-gnu-toolchain/bin/../lib/gcc/avr/5.4.0/../../../../avr/lib/avrxmega6\libm.a(fp_split3.o)
                0x00003388                __fp_split3
                0x00003398                __fp_splitA
 .text.avr-libc.fplib
                0x000033cc        0xe c:/program files (x86)/atmel/studio/7.0/toolchain/avr8/avr8-gnu-toolchain/bin/../lib/gcc/avr/5.4.0/../../../../avr/lib/avrxmega6\libm.a(fp_zero.o)
                0x000033cc                __fp_zero
                0x000033ce                __fp_szero
 .text.avr-libc.fplib
                0x000033da        0xa c:/program files (x86)/atmel/studio/7.0/toolchain/avr8/avr8-gnu-toolchain/bin/../lib/gcc/avr/5.4.0/../../../../avr/lib/avrxmega6\libm.a(gesf2.o)
                0x000033da                __gesf2
                0x000033da                __gtsf2
 .text.avr-libc.fplib
                0x000033e4        0x8 c:/program files (x86)/atmel/studio/7.0/toolchain/avr8/avr8-gnu-toolchain/bin/../lib/gcc/avr/5.4.0/../../../../avr/lib/avrxmega6\libm.a(mulsf3.o)
                0x000033e4                __mulsf3
 .text.avr-libc.fplib
                0x000033ec       0xd2 c:/program files (x86)/atmel/studio/7.0/toolchain/avr8/avr8-gnu-toolchain/bin/../lib/gcc/avr/5.4.0/../../../../avr/lib/avrxmega6\libm.a(mulsf3x.o)
                0x0000340a                __mulsf3x
                0x00003410                __mulsf3_pse
 .text.libgcc   0x000034be       0x10 c:/program files (x86)/atmel/studio/7.0/toolchain/avr8/avr8-gnu-toolchain/bin/../lib/gcc/avr/5.4.0/avrxmega6\libgcc.a(_tablejump2.o)
                0x000034be                __tablejump2__
 .text.avr-libc
                0x000034ce       0x12 c:/program files (x86)/atmel/studio/7.0/toolchain/avr8/avr8-gnu-toolchain/bin/../lib/gcc/avr/5.4.0/../../../../avr/lib/avrxmega6\libc.a(memcpy.o)
                0x000034ce                memcpy
 .text.avr-libc
                0x000034e0        0xe c:/program files (x86)/atmel/studio/7.0/toolchain/avr8/avr8-gnu-toolchain/bin/../lib/gcc/avr/5.4.0/../../../../avr/lib/avrxmega6\libc.a(memset.o)
                0x000034e0                memset
 .text.avr-libc
                0x000034ee       0x16 c:/program files (x86)/atmel/studio/7.0/toolchain/avr8/avr8-gnu-toolchain/bin/../lib/gcc/avr/5.4.0/../../../../avr/lib/avrxmega6\libc.a(itoa_ncheck.o)
                0x000034ee                __itoa_ncheck
 .text.avr-libc
                0x00003504       0x34 c:/program files (x86)/atmel/studio/7.0/toolchain/avr8/avr8-gnu-toolchain/bin/../lib/gcc/avr/5.4.0/../../../../avr/lib/avrxmega6\libc.a(utoa_ncheck.o)
                0x00003504                __utoa_ncheck
                0x00003506                __utoa_common
 .text.avr-libc
                0x00003538       0x20 c:/program files (x86)/atmel/studio/7.0/toolchain/avr8/avr8-gnu-toolchain/bin/../lib/gcc/avr/5.4.0/../../../../avr/lib/avrxmega6\libc.a(strrev.o)
                0x00003538                strrev
                0x00003558                . = ALIGN (0x2)
 *(.fini9)
 .fini9         0x00003558        0x0 c:/program files (x86)/atmel/studio/7.0/toolchain/avr8/avr8-gnu-toolchain/bin/../lib/gcc/avr/5.4.0/avrxmega6\libgcc.a(_exit.o)
                0x00003558                _exit
                0x00003558                exit
 *(.fini9)
 *(.fini8)
 *(.fini8)
 *(.fini7)
 *(.fini7)
 *(.fini6)
 *(.fini6)
 *(.fini5)
 *(.fini5)
 *(.fini4)
 *(.fini4)
 *(.fini3)
 *(.fini3)
 *(.fini2)
 *(.fini2)
 *(.fini1)
 *(.fini1)
 *(.fini0)
 .fini0         0x00003558        0x4 c:/program files (x86)/atmel/studio/7.0/toolchain/avr8/avr8-gnu-toolchain/bin/../lib/gcc/avr/5.4.0/avrxmega6\libgcc.a(_exit.o)
 *(.fini0)
                0x0000355c                _etext = .

.data           0x00802000       0x58 load address 0x0000355c
                0x00802000                PROVIDE (__data_start, .)
 *(.data)
 *(.data*)
 *(.rodata)
 *(.rodata*)
 .rodata.str1.1
                0x00802000        0x5 FreeRTOS/tasks.o
 .rodata.str1.1
                0x00802005        0x8 FreeRTOS/timers.o
 .rodata.str1.1
                0x0080200d       0x3f main.o
 .rodata.str1.1
                0x0080204c        0xb NHD0420Driver.o
 *(.gnu.linkonce.d*)
                0x00802058                . = ALIGN (0x2)
 *fill*         0x00802057        0x1 
                0x00802058                _edata = .
                0x00802058                PROVIDE (__data_end, .)

.bss            0x00802058      0xc7b
                0x00802058                PROVIDE (__bss_start, .)
 *(.bss)
 *(.bss*)
 .bss.xNextFreeByte
                0x00802058        0x2 FreeRTOS/heap_1.o
 .bss.xHeap     0x0080205a      0xbb8 FreeRTOS/heap_1.o
 .bss.uxSchedulerSuspended
                0x00802c12        0x1 FreeRTOS/tasks.o
 .bss.xIdleTaskHandle
                0x00802c13        0x2 FreeRTOS/tasks.o
 .bss.xNextTaskUnblockTime
                0x00802c15        0x4 FreeRTOS/tasks.o
 .bss.uxTaskNumber
                0x00802c19        0x1 FreeRTOS/tasks.o
 .bss.xNumOfOverflows
                0x00802c1a        0x1 FreeRTOS/tasks.o
 .bss.xYieldPending
                0x00802c1b        0x1 FreeRTOS/tasks.o
 .bss.uxPendedTicks
                0x00802c1c        0x1 FreeRTOS/tasks.o
 .bss.xSchedulerRunning
                0x00802c1d        0x1 FreeRTOS/tasks.o
 .bss.uxTopReadyPriority
                0x00802c1e        0x1 FreeRTOS/tasks.o
 .bss.xTickCount
                0x00802c1f        0x4 FreeRTOS/tasks.o
 .bss.uxCurrentNumberOfTasks
                0x00802c23        0x1 FreeRTOS/tasks.o
 .bss.xSuspendedTaskList
                0x00802c24        0xb FreeRTOS/tasks.o
 .bss.xPendingReadyList
                0x00802c2f        0xb FreeRTOS/tasks.o
 .bss.pxOverflowDelayedTaskList
                0x00802c3a        0x2 FreeRTOS/tasks.o
 .bss.pxDelayedTaskList
                0x00802c3c        0x2 FreeRTOS/tasks.o
 .bss.xDelayedTaskList2
                0x00802c3e        0xb FreeRTOS/tasks.o
 .bss.xDelayedTaskList1
                0x00802c49        0xb FreeRTOS/tasks.o
 .bss.pxReadyTasksLists
                0x00802c54       0x2c FreeRTOS/tasks.o
 .bss.pxCurrentTCB
                0x00802c80        0x2 FreeRTOS/tasks.o
                0x00802c80                pxCurrentTCB
 .bss.xLastTime.4745
                0x00802c82        0x4 FreeRTOS/timers.o
 .bss.xTimerTaskHandle
                0x00802c86        0x2 FreeRTOS/timers.o
 .bss.xTimerQueue
                0x00802c88        0x2 FreeRTOS/timers.o
 .bss.pxOverflowTimerList
                0x00802c8a        0x2 FreeRTOS/timers.o
 .bss.pxCurrentTimerList
                0x00802c8c        0x2 FreeRTOS/timers.o
 .bss.xActiveTimerList2
                0x00802c8e        0xb FreeRTOS/timers.o
 .bss.xActiveTimerList1
                0x00802c99        0xb FreeRTOS/timers.o
 .bss.str.4996  0x00802ca4       0x14 NHD0420Driver.o
 .bss.buffer.4995
                0x00802cb8       0x14 NHD0420Driver.o
 *(COMMON)
 COMMON         0x00802ccc        0x1 FreeRTOS/port.o
                0x00802ccc                intTaskSwitchPending
 COMMON         0x00802ccd        0x2 main.o
                0x00802ccd                ledTask
 COMMON         0x00802ccf        0x4 NHD0420Driver.o
                0x00802ccf                displayLineQueue
                0x00802cd1                egDisplayTiming
                0x00802cd3                PROVIDE (__bss_end, .)
                0x0000355c                __data_load_start = LOADADDR (.data)
                0x000035b4                __data_load_end = (__data_load_start + SIZEOF (.data))

.noinit         0x00802cd3        0x0
                [!provide]                PROVIDE (__noinit_start, .)
 *(.noinit*)
                [!provide]                PROVIDE (__noinit_end, .)
                0x00802cd3                _end = .
                0x00802cd3                PROVIDE (__heap_start, .)

.eeprom         0x00810000        0x0
 *(.eeprom*)
                0x00810000                __eeprom_end = .

.fuse
 *(.fuse)
 *(.lfuse)
 *(.hfuse)
 *(.efuse)

.lock
 *(.lock*)

.signature
 *(.signature*)

.user_signatures
 *(.user_signatures*)

.stab
 *(.stab)

.stabstr
 *(.stabstr)

.stab.excl
 *(.stab.excl)

.stab.exclstr
 *(.stab.exclstr)

.stab.index
 *(.stab.index)

.stab.indexstr
 *(.stab.indexstr)

.comment        0x00000000       0x30
 *(.comment)
 .comment       0x00000000       0x30 driver/clksys_driver.o
                                 0x31 (size before relaxing)
 .comment       0x00000030       0x31 driver/TC_driver.o
 .comment       0x00000030       0x31 errorHandler.o
 .comment       0x00000030       0x31 FreeRTOS/event_groups.o
 .comment       0x00000030       0x31 FreeRTOS/heap_1.o
 .comment       0x00000030       0x31 FreeRTOS/list.o
 .comment       0x00000030       0x31 FreeRTOS/port.o
 .comment       0x00000030       0x31 FreeRTOS/queue.o
 .comment       0x00000030       0x31 FreeRTOS/tasks.o
 .comment       0x00000030       0x31 FreeRTOS/timers.o
 .comment       0x00000030       0x31 init.o
 .comment       0x00000030       0x31 main.o
 .comment       0x00000030       0x31 mem_check.o
 .comment       0x00000030       0x31 NHD0420Driver.o
 .comment       0x00000030       0x31 utils.o

.note.gnu.avr.deviceinfo
                0x00000000       0x40
 .note.gnu.avr.deviceinfo
                0x00000000       0x40 C:/Program Files (x86)/Atmel/Studio/7.0/Packs/Atmel/XMEGAA_DFP/1.1.68/gcc/dev/atxmega128a3u/avrxmega6/crtatxmega128a3u.o

.note.gnu.build-id
 *(.note.gnu.build-id)

.debug
 *(.debug)

.line
 *(.line)

.debug_srcinfo
 *(.debug_srcinfo)

.debug_sfnames
 *(.debug_sfnames)

.debug_aranges  0x00000000      0x728
 *(.debug_aranges)
 .debug_aranges
                0x00000000       0x68 driver/clksys_driver.o
 .debug_aranges
                0x00000068       0xc8 driver/TC_driver.o
 .debug_aranges
                0x00000130       0x40 errorHandler.o
 .debug_aranges
                0x00000170       0x80 FreeRTOS/event_groups.o
 .debug_aranges
                0x000001f0       0x38 FreeRTOS/heap_1.o
 .debug_aranges
                0x00000228       0x40 FreeRTOS/list.o
 .debug_aranges
                0x00000268       0x50 FreeRTOS/port.o
 .debug_aranges
                0x000002b8      0x100 FreeRTOS/queue.o
 .debug_aranges
                0x000003b8      0x180 FreeRTOS/tasks.o
 .debug_aranges
                0x00000538       0xa8 FreeRTOS/timers.o
 .debug_aranges
                0x000005e0       0x20 init.o
 .debug_aranges
                0x00000600       0x30 main.o
 .debug_aranges
                0x00000630       0x28 mem_check.o
 .debug_aranges
                0x00000658       0xb0 NHD0420Driver.o
 .debug_aranges
                0x00000708       0x20 utils.o

.debug_pubnames
 *(.debug_pubnames)

.debug_info     0x00000000     0xde76
 *(.debug_info .gnu.linkonce.wi.*)
 .debug_info    0x00000000     0x3409 C:/Program Files (x86)/Atmel/Studio/7.0/Packs/Atmel/XMEGAA_DFP/1.1.68/gcc/dev/atxmega128a3u/avrxmega6/crtatxmega128a3u.o
 .debug_info    0x00003409      0x66d driver/clksys_driver.o
 .debug_info    0x00003a76     0x1335 driver/TC_driver.o
 .debug_info    0x00004dab      0x247 errorHandler.o
 .debug_info    0x00004ff2      0xc58 FreeRTOS/event_groups.o
 .debug_info    0x00005c4a      0x1a0 FreeRTOS/heap_1.o
 .debug_info    0x00005dea      0x2cf FreeRTOS/list.o
 .debug_info    0x000060b9      0xadf FreeRTOS/port.o
 .debug_info    0x00006b98     0x198f FreeRTOS/queue.o
 .debug_info    0x00008527     0x22f3 FreeRTOS/tasks.o
 .debug_info    0x0000a81a     0x12ac FreeRTOS/timers.o
 .debug_info    0x0000bac6      0x338 init.o
 .debug_info    0x0000bdfe      0x40b main.o
 .debug_info    0x0000c209       0xd0 mem_check.o
 .debug_info    0x0000c2d9     0x1a83 NHD0420Driver.o
 .debug_info    0x0000dd5c      0x11a utils.o

.debug_abbrev   0x00000000     0x4e02
 *(.debug_abbrev)
 .debug_abbrev  0x00000000     0x3148 C:/Program Files (x86)/Atmel/Studio/7.0/Packs/Atmel/XMEGAA_DFP/1.1.68/gcc/dev/atxmega128a3u/avrxmega6/crtatxmega128a3u.o
 .debug_abbrev  0x00003148      0x19d driver/clksys_driver.o
 .debug_abbrev  0x000032e5      0x187 driver/TC_driver.o
 .debug_abbrev  0x0000346c      0x187 errorHandler.o
 .debug_abbrev  0x000035f3      0x237 FreeRTOS/event_groups.o
 .debug_abbrev  0x0000382a      0x136 FreeRTOS/heap_1.o
 .debug_abbrev  0x00003960       0xff FreeRTOS/list.o
 .debug_abbrev  0x00003a5f      0x29d FreeRTOS/port.o
 .debug_abbrev  0x00003cfc      0x2e0 FreeRTOS/queue.o
 .debug_abbrev  0x00003fdc      0x35e FreeRTOS/tasks.o
 .debug_abbrev  0x0000433a      0x2fc FreeRTOS/timers.o
 .debug_abbrev  0x00004636       0xd5 init.o
 .debug_abbrev  0x0000470b      0x16e main.o
 .debug_abbrev  0x00004879       0x96 mem_check.o
 .debug_abbrev  0x0000490f      0x445 NHD0420Driver.o
 .debug_abbrev  0x00004d54       0xae utils.o

.debug_line     0x00000000     0x4a36
 *(.debug_line .debug_line.* .debug_line_end)
 .debug_line    0x00000000      0x39d C:/Program Files (x86)/Atmel/Studio/7.0/Packs/Atmel/XMEGAA_DFP/1.1.68/gcc/dev/atxmega128a3u/avrxmega6/crtatxmega128a3u.o
 .debug_line    0x0000039d      0x249 driver/clksys_driver.o
 .debug_line    0x000005e6      0x2fc driver/TC_driver.o
 .debug_line    0x000008e2      0x187 errorHandler.o
 .debug_line    0x00000a69      0x4aa FreeRTOS/event_groups.o
 .debug_line    0x00000f13      0x14c FreeRTOS/heap_1.o
 .debug_line    0x0000105f      0x1ea FreeRTOS/list.o
 .debug_line    0x00001249      0x37e FreeRTOS/port.o
 .debug_line    0x000015c7      0xd1a FreeRTOS/queue.o
 .debug_line    0x000022e1     0x12c5 FreeRTOS/tasks.o
 .debug_line    0x000035a6      0x57d FreeRTOS/timers.o
 .debug_line    0x00003b23      0x181 init.o
 .debug_line    0x00003ca4      0x1ed main.o
 .debug_line    0x00003e91       0x72 mem_check.o
 .debug_line    0x00003f03      0x9cb NHD0420Driver.o
 .debug_line    0x000048ce      0x168 utils.o

.debug_frame    0x00000000     0x1760
 *(.debug_frame)
 .debug_frame   0x00000000       0xdc driver/clksys_driver.o
 .debug_frame   0x000000dc      0x174 driver/TC_driver.o
 .debug_frame   0x00000250       0x64 errorHandler.o
 .debug_frame   0x000002b4      0x228 FreeRTOS/event_groups.o
 .debug_frame   0x000004dc       0x60 FreeRTOS/heap_1.o
 .debug_frame   0x0000053c       0x90 FreeRTOS/list.o
 .debug_frame   0x000005cc       0xa0 FreeRTOS/port.o
 .debug_frame   0x0000066c      0x418 FreeRTOS/queue.o
 .debug_frame   0x00000a84      0x690 FreeRTOS/tasks.o
 .debug_frame   0x00001114      0x2ac FreeRTOS/timers.o
 .debug_frame   0x000013c0       0x24 init.o
 .debug_frame   0x000013e4       0xac main.o
 .debug_frame   0x00001490       0x34 mem_check.o
 .debug_frame   0x000014c4      0x278 NHD0420Driver.o
 .debug_frame   0x0000173c       0x24 utils.o

.debug_str      0x00000000     0x5506
 *(.debug_str)
 .debug_str     0x00000000     0x223b C:/Program Files (x86)/Atmel/Studio/7.0/Packs/Atmel/XMEGAA_DFP/1.1.68/gcc/dev/atxmega128a3u/avrxmega6/crtatxmega128a3u.o
 .debug_str     0x0000223b      0x797 driver/clksys_driver.o
                                0x7de (size before relaxing)
 .debug_str     0x000029d2      0xb44 driver/TC_driver.o
                                0xcdb (size before relaxing)
 .debug_str     0x00003516       0xaa errorHandler.o
                                0x267 (size before relaxing)
 .debug_str     0x000035c0      0x548 FreeRTOS/event_groups.o
                                0x765 (size before relaxing)
 .debug_str     0x00003b08       0x8a FreeRTOS/heap_1.o
                                0x23c (size before relaxing)
 .debug_str     0x00003b92       0x90 FreeRTOS/list.o
                                0x2d2 (size before relaxing)
 .debug_str     0x00003c22      0x141 FreeRTOS/port.o
                                0x862 (size before relaxing)
 .debug_str     0x00003d63      0x543 FreeRTOS/queue.o
                                0x953 (size before relaxing)
 .debug_str     0x000042a6      0x972 FreeRTOS/tasks.o
                               0x1003 (size before relaxing)
 .debug_str     0x00004c18      0x4d4 FreeRTOS/timers.o
                                0x8fe (size before relaxing)
 .debug_str     0x000050ec       0x17 init.o
                                0x523 (size before relaxing)
 .debug_str     0x00005103      0x193 main.o
                                0x3c1 (size before relaxing)
 .debug_str     0x00005296       0x49 mem_check.o
                                0x1c7 (size before relaxing)
 .debug_str     0x000052df      0x20e NHD0420Driver.o
                                0xacd (size before relaxing)
 .debug_str     0x000054ed       0x19 utils.o
                                0x251 (size before relaxing)

.debug_loc      0x00000000     0x8cb6
 *(.debug_loc)
 .debug_loc     0x00000000      0x2cf driver/clksys_driver.o
 .debug_loc     0x000002cf      0x336 driver/TC_driver.o
 .debug_loc     0x00000605       0x97 errorHandler.o
 .debug_loc     0x0000069c     0x1086 FreeRTOS/event_groups.o
 .debug_loc     0x00001722       0xf1 FreeRTOS/heap_1.o
 .debug_loc     0x00001813      0x17d FreeRTOS/list.o
 .debug_loc     0x00001990      0x33e FreeRTOS/port.o
 .debug_loc     0x00001cce     0x1d3d FreeRTOS/queue.o
 .debug_loc     0x00003a0b     0x2997 FreeRTOS/tasks.o
 .debug_loc     0x000063a2     0x1038 FreeRTOS/timers.o
 .debug_loc     0x000073da      0x1ec main.o
 .debug_loc     0x000075c6       0x24 mem_check.o
 .debug_loc     0x000075ea     0x1665 NHD0420Driver.o
 .debug_loc     0x00008c4f       0x67 utils.o

.debug_macinfo
 *(.debug_macinfo)

.debug_weaknames
 *(.debug_weaknames)

.debug_funcnames
 *(.debug_funcnames)

.debug_typenames
 *(.debug_typenames)

.debug_varnames
 *(.debug_varnames)

.debug_pubtypes
 *(.debug_pubtypes)

.debug_ranges   0x00000000      0x7d8
 *(.debug_ranges)
 .debug_ranges  0x00000000       0x58 driver/clksys_driver.o
 .debug_ranges  0x00000058       0xb8 driver/TC_driver.o
 .debug_ranges  0x00000110       0x30 errorHandler.o
 .debug_ranges  0x00000140       0x88 FreeRTOS/event_groups.o
 .debug_ranges  0x000001c8       0x28 FreeRTOS/heap_1.o
 .debug_ranges  0x000001f0       0x30 FreeRTOS/list.o
 .debug_ranges  0x00000220       0x40 FreeRTOS/port.o
 .debug_ranges  0x00000260      0x138 FreeRTOS/queue.o
 .debug_ranges  0x00000398      0x1d0 FreeRTOS/tasks.o
 .debug_ranges  0x00000568       0xe8 FreeRTOS/timers.o
 .debug_ranges  0x00000650       0x10 init.o
 .debug_ranges  0x00000660       0x20 main.o
 .debug_ranges  0x00000680       0x18 mem_check.o
 .debug_ranges  0x00000698      0x130 NHD0420Driver.o
 .debug_ranges  0x000007c8       0x10 utils.o

.debug_macro
 *(.debug_macro)
OUTPUT(QAMDecFS2019.elf elf32-avr)
LOAD linker stubs
